01e00000 T _start
01e00020 t _undefined_instruction
01e00024 t _software_interrupt
01e00028 t _prefetch_abort
01e0002c t _data_abort
01e00030 t _not_used
01e00034 t _irq
01e00038 t _fiq
01e0003c t _pad
01e00040 T _end_vect
01e00040 t _TEXT_BASE
01e00044 T _armboot_start
01e00048 T _bss_start
01e0004c T _bss_end
01e00050 T BOOT_ARGUMENT_LOCATION
01e00054 t reset
01e00070 t relocate
01e00090 t copy_loop
01e000a0 t stack_setup
01e000b4 t clear_bss
01e000c0 t clbss_l
01e000d4 t _start_armboot
01e000d8 t cpu_init_crit
01e00120 t undefined_instruction
01e00180 t software_interrupt
01e001e0 t prefetch_abort
01e00240 t data_abort
01e002a0 t not_used
01e00300 t irq
01e00360 t fiq
01e003b8 T v7_invalidate_dcache_all
01e003d8 t ci_way_loop
01e003dc t ci_set_loop
01e00420 t _TEXT_BASE
01e00424 T lowlevel_init
01e0044c t SRAM_STACK
01e00450 T __aeabi_llsl
01e00450 T __ashldi3
01e00480 T __aeabi_idiv
01e00480 T __divsi3
01e00598 t Ldiv0
01e005c0 T __aeabi_llsr
01e005c0 T __lshrdi3
01e005e0 T __modsi3
01e006b4 t Ldiv0
01e006e0 T __aeabi_uidiv
01e006e0 T __udivsi3
01e006f8 t Loop1
01e0070c t Lbignum
01e00720 t Loop3
01e00760 t Lgot_result
01e00768 t Ldiv0
01e00778 T __aeabi_uidivmod
01e00790 T __aeabi_idivmod
01e007a8 T __umodsi3
01e007bc t Loop1
01e007d0 t Lbignum
01e007e4 t Loop3
01e0084c t Ldiv0
01e0085c T hang
01e00870 t display_banner
01e00898 t display_dram_config
01e00918 t init_baudrate
01e00978 T start_armboot
01e00bdc T disable_interrupts
01e00be4 T interrupt_init
01e00bec T reset_cpu
01e00bf0 T show_regs
01e00d64 T bad_mode
01e00d84 T do_irq
01e00dac T do_fiq
01e00dd4 T do_not_used
01e00dfc T do_data_abort
01e00e24 T do_prefetch_abort
01e00e4c T do_software_interrupt
01e00e74 T do_undefined_instruction
01e00e9c T do_help
01e00ee8 T envmatch
01e00f44 T getenv_r
01e00ff8 T getenv
01e01068 T _do_setenv
01e014b0 T do_setenv
01e014dc T setenv
01e01530 t printenv
01e01618 T do_printenv
01e016b8 T do_version
01e016e0 T cmd_usage
01e0174c T find_cmd_tbl
01e017e4 T find_cmd
01e01818 T _do_help
01e019b4 t console_setfile
01e01a5c T fgetc
01e01a88 T ftstc
01e01ab4 T fputc
01e01ae4 T fputs
01e01b14 T had_ctrlc
01e01b28 T clear_ctrlc
01e01b40 T console_init_f
01e01b50 T search_device
01e01b78 T console_assign
01e01bb8 T puts
01e01bd4 T vprintf
01e01c00 T printf
01e01c40 T putc
01e01c60 T tstc
01e01c78 T getc
01e01c90 T ctrlc
01e01ce0 T sbrk
01e01d34 T malloc_trim
01e01e1c T free
01e02070 T malloc
01e02738 T calloc
01e0281c T mem_malloc_init
01e02868 T env_get_char_memory
01e02894 T env_get_addr
01e028c0 T env_get_char
01e028f4 T env_crc_update
01e02924 T set_default_env
01e02970 T env_relocate
01e029d0 T env_relocate_spec
01e029d4 T env_get_char_spec
01e029e0 T env_init
01e029fc t dummy
01e02a00 T get_version
01e02a08 T jumptable_init
01e02cb4 T parse_line
01e02d58 T run_command
01e03100 t delete_char
01e031f4 T readline_into_buffer
01e033ec T readline
01e03408 T main_loop
01e03518 T stdio_clone
01e03560 T stdio_register
01e035a4 T stdio_init
01e03658 T stdio_get_by_name
01e036a8 T system_init
01e036b8 T dram_init
01e037f8 T get_bank_nr
01e03808 T memory_size
01e0384c T mt65xx_sw_env
01e0386c T get_board_rev
01e03878 T misc_init_r
01e039a8 T board_init
01e03a7c T mt65xx_leds_brightness_set
01e03ef0 T mt65xx_backlight_off
01e03f14 T leds_init
01e03f30 T mt65xx_backlight_on
01e03f54 T leds_battery_medium_charging
01e03f88 T leds_battery_low_charging
01e03fbc T leds_battery_full_charging
01e03ff0 T meta_mode_check
01e04014 T get_chip_eco_ver
01e04020 T boot_mode_select
01e04080 T mboot_recovery_load_raw_part
01e0412c T mboot_recovery_load_misc
01e04178 T mboot_android_load_factoryimg_hdr
01e04340 T mboot_android_load_recoveryimg_hdr
01e045a4 T mboot_android_load_bootimg_hdr
01e04850 T mboot_android_check_img_info
01e04950 T mboot_android_load_factoryimg
01e049e4 T mboot_android_load_recoveryimg
01e04b44 T mboot_android_load_bootimg
01e04ca4 T mboot_common_load_part
01e04ea0 T mboot_common_load_logo
01e04eb4 t unstuff_bits
01e04ef4 T mmc_get_host
01e04f0c T mmc_get_card
01e04f28 T mmc_addr_trans_tbl_init
01e05224 T mmc_init_host
01e0524c t mmc_cmd
01e05280 t mmc_send_if_cond
01e052f0 t mmc_app_cmd
01e0536c T mmc_set_card_detect
01e053b0 T mmc_select_card
01e053f4 T mmc_send_status
01e05448 T mmc_switch
01e05520 T mmc_go_idle
01e05558 t mmc_send_app_op_cond
01e055f0 t mmc_send_op_cond
01e05694 T mmc_set_blk_length
01e056f0 T mmc_read_ext_csd
01e05924 t mmc_switch_part
01e059dc t mmc_virt_to_phys
01e05a4c T mmc_set_clock
01e05a78 t mmc_dev_bwrite
01e05b78 T mmc_block_write
01e05cb8 T mmc_wrap_bwrite
01e05cd4 T mmc_dev_bread
01e05d80 T mmc_block_read
01e05ec0 T mmc_wrap_bread
01e05edc T mmc_set_bus_width
01e0608c t mmc_sd_switch.clone.0
01e06130 T mmc_switch_hs
01e061a8 T mmc_init_mem_card
01e0732c T mmc_init_card
01e07604 T mmc_legacy_init
01e07754 T msdc_uffs
01e077a4 T msdc_ntohl
01e077d4 T msdc_set_field
01e07800 T msdc_get_field
01e07830 T msdc_flush_membuf
01e07834 T msdc_cal_checksum
01e07860 T msdc_queue_bd
01e078ac T msdc_add_gpd
01e07908 T msdc_reset_gpd
01e07924 T msdc_set_blknum
01e07930 T msdc_set_autocmd
01e0794c T msdc_intr_wait
01e0796c T msdc_intr_unmask
01e07980 T msdc_sg_init
01e079ec T msdc_dma_cmd
01e07a74 T msdc_dma_wait_done
01e07b3c T msdc_clock
01e07b40 T msdc_dma_init
01e07bf4 T msdc_abort
01e07cac T msdc_set_blklen
01e07d0c T msdc_alloc_bd
01e07d9c T msdc_alloc_gpd
01e07e24 T msdc_card_detect
01e07e90 T msdc_config_pin
01e07f70 T msdc_dma_stop
01e07fb4 T msdc_dma_start
01e07fc8 T msdc_dma_config
01e083a8 T msdc_set_driving
01e0842c T msdc_set_timeout
01e08488 T msdc_card_avail
01e084d4 T msdc_tune_bread
01e089d0 T msdc_config_bus
01e08a14 T msdc_wait_rsp
01e08b28 T msdc_config_clksrc
01e08bac T msdc_config_clock
01e08d20 T msdc_send_cmd
01e08f58 T msdc_tune_cmdrsp
01e09234 T msdc_abort_handler
01e0929c T msdc_cmd
01e092f4 T msdc_dma_transfer
01e095a8 T msdc_dma_bwrite
01e09604 T msdc_dma_bread
01e09664 T msdc_pio_read_word
01e097b4 T msdc_pio_read
01e097d8 T msdc_set_host_pwr
01e0982c T msdc_host_power
01e09878 T msdc_set_card_pwr
01e098cc T msdc_hard_reset
01e098e4 T msdc_card_power
01e098f0 T msdc_power
01e09938 T msdc_init
01e09d40 T mtk_uart_power_on
01e09d84 T serial_getc
01e09db8 T serial_putc
01e09e08 T serial_puts
01e09e28 T serial_tstc
01e09e44 T serial_init
01e09e4c T custom_port_in_kernel
01e09f14 T mtk_serial_set_current_uart
01e09f84 T serial_setbrg
01e0a0e0 T mtk_serial_init
01e0a1f4 T gpt4_get_current_tick
01e0a204 T gpt4_tick2time_us
01e0a218 T gpt_busy_wait_us
01e0a260 T reset_timer_masked
01e0a29c T get_timer_masked
01e0a324 T get_timer
01e0a344 T mdelay
01e0a36c T udelay
01e0a3c8 T get_ticks
01e0a3dc T gpt_one_shot_irq
01e0a420 T gpt_irq_ack
01e0a434 T gpt_irq_init
01e0a470 T meta_detection
01e0a520 T recovery_check_command_trigger
01e0a598 T recovery_check_key_trigger
01e0a654 T recovery_detection
01e0a6c0 T factory_check_key_trigger
01e0a78c T factory_detection
01e0a7a0 T mtk_wdt_boot_check
01e0a800 T mtk_wdt_init
01e0a870 T mtk_arch_reset
01e0a8bc T mt_set_gpio_dir
01e0a934 T mt_set_gpio_pull_enable
01e0a990 T mt_set_gpio_out
01e0aa08 T mt_set_gpio_mode
01e0aa7c T mt_gpio_set_default
01e0abb8 T mt_power_on
01e0ac44 T mt_power_off
01e0acc8 T mt_set_pwm_enable
01e0acf4 T mt_set_pwm_enable_seqmode
01e0ad0c T mt_set_pwm_clk
01e0ad70 T mt_set_pwm_con_datasrc
01e0adc4 T mt_set_pwm_con_mode
01e0ae18 T mt_set_pwm_con_idleval
01e0ae70 T mt_set_pwm_con_guardval
01e0aec8 T mt_set_pwm_con_stpbit
01e0af38 T mt_set_pwm_con_oldmode
01e0af8c T mt_set_pwm_HiDur
01e0afbc T mt_set_pwm_LowDur
01e0afec T mt_set_pwm_GuardDur
01e0b01c T mt_set_pwm_buf0_addr
01e0b048 T mt_set_pwm_buf0_size
01e0b078 T mt_set_pwm_buf1_addr
01e0b0a4 T mt_set_pwm_buf1_size
01e0b0d4 T mt_set_pwm_send_data0
01e0b100 T mt_set_pwm_send_data1
01e0b12c T mt_set_pwm_wave_num
01e0b15c T mt_set_pwm_data_width
01e0b18c T mt_set_pwm_thresh
01e0b1bc T mt_set_pwm_valid
01e0b218 T mt_set_pwm_delay_duration
01e0b23c T mt_set_pwm_delay_clock
01e0b258 T mt_set_pwm_disable
01e0b294 T pwm_set_spec_config
01e0b674 T pwm_set_easy_config
01e0b908 T mt65xx_get_logo_db_addr
01e0b918 T mt65xx_get_fb_addr
01e0b92c T mt65xx_get_fb_size
01e0b940 T mt65xx_disp_get_lcm_id
01e0b95c T video_set_lut
01e0b960 T DISP_IsLcmFound
01e0b974 T DISP_GetScreenBpp
01e0b97c T DISP_GetPages
01e0b984 t disp_dump_lcm_parameters
01e0ba18 t disp_drv_init_ctrl_if
01e0bcf0 T mt65xx_disp_wait_idle
01e0bd30 T DISP_UpdateScreen
01e0bfa8 T mt65xx_disp_update
01e0bfe8 t lcm_mdelay
01e0bff4 t lcm_mdelay
01e0c000 t lcm_udelay
01e0c004 t lcm_read_data
01e0c0f8 t lcm_send_data
01e0c1ac t lcm_send_cmd
01e0c260 t lcm_set_reset_pin
01e0c268 T disp_drv_get_lcm_driver
01e0c4c8 T DISP_DetectDevice
01e0c534 t disp_drv_init_context
01e0c630 T DISP_GetVRamSize
01e0c684 T mt65xx_disp_get_vram_size
01e0c688 T DISP_GetScreenHeight
01e0c6a8 T DISP_GetScreenWidth
01e0c6c8 T DISP_PanelEnable
01e0c910 T DISP_PowerEnable
01e0c95c T mt65xx_disp_power
01e0c994 T DISP_Init
01e0ca28 T video_hw_init
01e0caa0 T mt65xx_disp_get_lcd_time
01e0ccb4 T mt65xx_disp_init
01e0d1b0 T DISP_GetDriverDBI
01e0d1c0 t disp_drv_dbi_init_context
01e0d230 t dbi_get_panel_color_format
01e0d2d8 t get_fb_size
01e0d320 t get_fb_size
01e0d368 t get_fb_size
01e0d3b0 t dbi_get_vram_size
01e0d3c8 t dbi_set_fb_addr
01e0d410 t dbi_enable_power
01e0d72c t dbi_init
01e0dadc T LCD_ConfigIfFormat
01e0db20 T LCD_SetResetSignal
01e0db40 T LCD_ConfigDSIIfFormat
01e0db7c T LCD_EnableHwTrigger
01e0dbc0 T LCD_FBSetPitch
01e0dbec T LCD_TE_Enable
01e0dc14 T LCD_TE_SetMode
01e0dc3c T LCD_TE_SetEdgePolarity
01e0dc64 T LCD_TE_ConfigVHSyncMode
01e0dc6c T LCD_W2M_NeedLimiteSpeed
01e0dc80 T LCD_SetGMCThrottle
01e0dd84 T LCD_ReadIF
01e0de90 T LCD_WriteIF
01e0df94 T LCD_SelectWriteIF
01e0e028 T LCD_PowerOn
01e0e290 T LCD_Set_DrivingCurrent
01e0e374 T LCD_Init_IO_pad
01e0e48c t _WaitForEngineNotBusy
01e0e55c t _WaitForEngineNotBusy
01e0e5a0 T LCD_StartTransfer
01e0e680 T LCD_FBSetStartCoord
01e0e6a8 T LCD_FBSetAddress
01e0e708 T LCD_FBEnable
01e0e79c T LCD_FBSetFormat
01e0e7d4 T LCD_WaitDPIIndication
01e0e804 T LCD_SetOutputMode
01e0e854 T LCD_SetRoiWindow
01e0e8a8 T LCD_SetBackgroundColor
01e0e8c8 T LCD_LayerSetTriggerMode
01e0ea00 T LCD_LayerSetSourceColorKey
01e0eac0 T LCD_LayerSetRotation
01e0eb70 T LCD_LayerSetFormat
01e0ec20 T LCD_LayerSetOffset
01e0ecd0 T LCD_LayerSetPitch
01e0ed74 T LCD_LayerSetSize
01e0ee24 T LCD_LayerSetAddress
01e0eef4 T LCD_LayerEnable
01e0f010 T LCD_ConfigParallelIF
01e0f2a0 T LCD_WaitForNotBusy
01e0f2b0 T LCD_PowerOff
01e0f51c T LCD_ConfigSerialIF
01e0f68c T LCD_Init
01e0f748 T DISP_GetDriverDSI
01e0f758 T get_dsi_tmp_buffer_format
01e0f7b4 T get_lcd_tmp_buffer_format
01e0f7d0 T get_dsi_tmp_buffer_bpp
01e0f7f0 t disp_drv_dsi_init_context
01e0f864 t dsi_get_panel_color_format
01e0f8e4 t get_intermediate_buffer_size
01e0f928 t get_intermediate_buffer_size
01e0f968 t dsi_get_vram_size
01e0f9c0 t dsi_set_fb_addr
01e0fa08 t dsi_enable_power
01e0ffd0 t init_lcd
01e1052c t init_assertion_layer
01e105b4 T init_dsi
01e10848 t dsi_init
01e10d04 T DSI_SetMode
01e10d20 T DSI_PHY_clk_switch
01e10d48 T DSI_clk_HS_state
01e10d5c T DSI_clk_HS_mode
01e10da4 T DSI_Write_T0_INS
01e10dcc T DSI_Write_T2_INS
01e10e34 T DSI_write_lcm_cmd
01e10e68 T DSI_write_lcm_regs
01e10ea4 T DSI_read_lcm_reg
01e10eac T DSI_DumpRegisters
01e10f34 T DSI_EnableClk
01e10f64 T DSI_WaitForNotBusy
01e10f74 T DSI_set_cmdq
01e11040 T DSI_PHY_TIMCONFIG
01e113b0 T DSI_PowerOff
01e114bc T DSI_PowerOn
01e115cc T DSI_lane0_ULP_mode
01e11638 T DSI_clk_ULP_mode
01e116ac T DSI_Reset
01e116e0 T DSI_dcs_read_lcm_reg_v2
01e11a88 T DSI_dcs_read_lcm_reg
01e11e08 T DSI_set_cmdq_V2
01e124e4 T DSI_PHY_clk_setting
01e125dc T DSI_Init
01e12660 t disp_drv_dpi_init_context
01e126ac T DISP_GetDriverDPI
01e126bc t dpi_get_panel_color_format
01e1273c T get_tmp_buffer_dpi_format
01e12798 T get_tmp_buffer_lcd_format
01e127b4 T get_tmp_buffer_bpp
01e127d4 t dpi_get_vram_size
01e127f8 t dpi_set_fb_addr
01e12840 t dpi_enable_power
01e129bc t dpi_init
01e13360 T DPI_Init_PLL
01e133d4 T DPI_PowerOn
01e13454 T DPI_PowerOff
01e134d4 T DPI_EnableClk
01e134f0 T DPI_DisableClk
01e1350c T DPI_EnableSeqOutput
01e13534 T DPI_SetRGBOrder
01e13554 T DPI_ConfigDataEnable
01e1357c T DPI_ConfigVsync
01e135b8 T DPI_ConfigHsync
01e135f8 T DPI_FBSyncFlipWithLCD
01e13620 T DPI_SetDSIMode
01e13648 T DPI_FBSetFormat
01e13664 T DPI_FBSetSize
01e13684 T DPI_FBSetPitch
01e136dc T DPI_FBSetAddress
01e13730 T DPI_FBEnable
01e137bc T DPI_ConfigPixelClk
01e13870 T DPI_Set_DrivingCurrent
01e13938 T DPI_Init
01e13a14 T mt65xx_disp_fill_rect
01e13b78 T mt65xx_disp_draw_prog_bar
01e13c94 T mt65xx_logo_get_custom_if
01e13cbc T mt65xx_disp_enter_charging_state
01e13ce4 T mt65xx_logo_decompress
01e13dd0 t show_logo
01e14048 T mt65xx_disp_show_low_battery
01e1409c T mt65xx_disp_show_boot_logo
01e140f0 T cust_show_battery_capacity
01e141ac T mt65xx_disp_show_battery_capacity
01e141e8 T mt65xx_disp_show_battery_full
01e1421c T mt6575_get_bus_freq
01e14324 T mt6575_irq_unmask
01e14348 T mt6575_irq_mask_all
01e143c0 T mt6575_irq_mask_restore
01e14434 T mt6575_irq_set_sens
01e1448c T mt6575_irq_ack
01e1449c T mt6575_init_irq
01e1456c T mt6575_irq_set_polarity
01e145bc T BattVoltToPercent
01e1469c T BAT_CheckPMUStatusReg
01e14728 T pmic_chrdet_status
01e14750 T BattThermistorConverTemp
01e1483c T BattVoltToTemp
01e14868 T check_point_sync_leds
01e148c0 T pchr_turn_off_charging_ncp1851
01e148f8 T pmu_init_for_ncp1851
01e14970 T PMIC_IMM_GetBatChannelValue
01e1497c T BAT_CheckBatteryStatus_ncp1851
01e14f48 T BAT_UbootAnimationControl
01e151e8 T ChargerHwInit_ncp1851
01e15308 T ncp1851_set_ac_current
01e1536c T select_charging_curret_ncp1851
01e15570 T pchr_turn_on_charging_ncp1851
01e156a0 T batdrv_init
01e157a4 T BAT_thread_ncp1851
01e15d10 T mt65xx_bat_init
01e164b8 T i2c0_v1_write
01e165f0 T i2c0_v1_read
01e16748 T i2c0_v1_set_speed
01e168ac T i2c0_v1_init
01e16934 T ncp1851_i2c_write
01e169b0 T ncp1851_i2c_read
01e169e4 T ncp1851_read_register
01e16a44 T ncp1851_dump_register
01e16ac8 T ncp1851_config_interface
01e16b50 T ncp1851_set_batwarm
01e16b64 T ncp1851_set_batchilly
01e16b78 T ncp1851_set_bathot
01e16b8c T ncp1851_set_batcold
01e16ba0 T ncp1851_set_ichred
01e16bb4 T ncp1851_set_vchred
01e16bc8 T ncp1851_set_iinlim
01e16bdc T ncp1851_set_ctrl_vfet
01e16bf0 T ncp1851_set_iweak
01e16c04 T ncp1851_set_ichg
01e16c18 T ncp1851_set_ieoc
01e16c2c T ncp1851_set_ctrl_vbat
01e16c40 T ncp1851_set_aicl_en
01e16c54 T ncp1851_set_iinlim_en
01e16c68 T ncp1851_set_iinset_pin_en
01e16c7c T ncp1851_set_trans_en
01e16c90 T ncp1851_set_pwr_path
01e16ca4 T ncp1851_set_int_mask
01e16cb8 T ncp1851_set_tchg_rst
01e16ccc T ncp1851_set_jeita_opt
01e16ce0 T ncp1851_set_tj_warn_opt
01e16cf4 T ncp1851_set_ntc_en
01e16d08 T ncp1851_set_chg_en
01e16d1c T ncp1851_read_interface
01e16d70 T ncp1851_get_chip_status
01e16d9c T pmic6329_i2c_write
01e16e08 T pmic6329_i2c_read
01e16e3c T pmic_bank1_config_interface
01e16eac T upmu_boost_vrsel
01e16ec0 T upmu_boost_en
01e16ed4 T upmu_boost_cabc_en
01e16ee8 T upmu_boost_mode
01e16efc T upmu_boost_isink_hw_sel
01e16f10 T upmu_isinks_ch5_mode
01e16f24 T upmu_isinks_ch5_step
01e16f38 T upmu_isinks_ch4_mode
01e16f4c T upmu_isinks_ch4_step
01e16f60 T upmu_isinks_ch3_mode
01e16f74 T upmu_isinks_ch3_step
01e16f88 T upmu_isinks_ch2_mode
01e16f9c T upmu_isinks_ch2_step
01e16fb0 T upmu_isinks_ch1_mode
01e16fc4 T upmu_isinks_ch1_step
01e16fd8 T upmu_isinks_ch1_cabc_en
01e16fec T upmu_isinks_ch2_cabc_en
01e17000 T upmu_isinks_ch3_cabc_en
01e17014 T upmu_isinks_ch4_cabc_en
01e17028 T upmu_isinks_ch5_cabc_en
01e1703c T upmu_isinks_ch1_en
01e17050 T upmu_isinks_ch2_en
01e17064 T upmu_isinks_ch3_en
01e17078 T upmu_isinks_ch4_en
01e1708c T upmu_isinks_ch5_en
01e170a0 T upmu_isinks_dim2_fsel
01e170b4 T upmu_isinks_dim2_duty
01e170c8 T upmu_isinks_dim1_fsel
01e170dc T upmu_isinks_dim1_duty
01e170f0 T upmu_isinks_dim0_fsel
01e17104 T upmu_isinks_dim0_duty
01e17118 T upmu_top2_bst_drv_ck_pdn
01e1712c T pmic_bank1_read_interface
01e17180 T upmu_otpc_otp_pdo_63_56
01e171ac T upmu_otpc_otp_pdo_55_48
01e171d8 T pmic_config_interface
01e17248 T upmu_auxadc_adc_pwd_b
01e1725c T upmu_auxadc_buf_pwd_b
01e17270 T upmu_auxadc_spl_num
01e17284 T upmu_auxadc_start
01e17298 T upmu_auxadc_ch_sel
01e172ac T upmu_chr_vcdt_mode
01e172c0 T upmu_chr_baton_tdet_en
01e172d4 T upmu_chr_hw_cv_en
01e172e8 T upmu_chr_chrind_on
01e172fc T upmu_chr_bc11_rst
01e17310 T upmu_chr_adcin_vbat_en
01e17324 T upmu_chr_adcin_vsen_en
01e17338 T upmu_chr_adcin_vchr_en
01e1734c T upmu_chr_chrwdt_int_en
01e17360 T upmu_chr_chrwdt_flag_wr
01e17374 T upmu_chr_chrwdt_en
01e17388 T upmu_chr_baton_ht_en
01e1739c T upmu_chr_vcdt_lv_vth
01e173b0 T upmu_chr_vcdt_hv_vth
01e173c4 T upmu_chr_vcdt_hv_enable
01e173d8 T upmu_chr_csdac_enable
01e173ec T upmu_chr_enable
01e17400 T upmu_strup_usbdl_en
01e17414 T PMIC_CUSTOM_SETTING_V1
01e175a0 T pmic_read_interface
01e175f4 T upmu_get_PCHR_CHRDET
01e17620 T upmu_is_chr_det
01e17634 T upmu_auxadc_get_trimming_data_9_8
01e17660 T upmu_auxadc_get_trimming_data_7_0
01e1768c T upmu_auxadc_get_ch3_data_9_8
01e176b8 T upmu_auxadc_get_ch3_ready
01e176e4 T upmu_auxadc_get_ch3_data_7_0
01e17710 T upmu_auxadc_get_ch2_data_9_8
01e1773c T upmu_auxadc_get_ch2_ready
01e17768 T upmu_auxadc_get_ch2_data_7_0
01e17794 T upmu_auxadc_get_ch1_data_9_8
01e177c0 T upmu_auxadc_get_ch1_ready
01e177ec T upmu_auxadc_get_ch1_data_7_0
01e17818 T upmu_auxadc_get_ch0_ready
01e17844 T hw_charger_type_detection
01e17b5c T mt_charger_type_detection
01e17bd4 T upmu_get_cid1
01e17c00 T upmu_get_cid0
01e17c28 T PMIC_INIT_SETTING_V1
01e18284 T mt6575_detect_homekey
01e182f0 T mt6575_detect_powerkey
01e1835c T pmic_IsUsbCableIn
01e183c0 T get_pmic6329_version
01e18424 T PMIC_IMM_GetOneChannelValue
01e18850 T pmic6329_get_version
01e18900 T pmic6329_init
01e18970 T virt_to_phys_addr
01e18a4c T mt6575_detect_pmic_just_rst
01e18ac0 T mt6575_detect_key
01e18b6c t rtc_mktime
01e18c08 T rtc_writeif_unlock
01e18c5c T rtc_writeif_lock
01e18c88 T rtc_bbpu_power_down
01e18cbc T rtc_boot_check
01e18fe0 T i2c_v1_write
01e19118 T i2c_v1_read
01e19270 T DAL_Init
01e19278 T DAL_GetLayerSize
01e19294 T sc_mod_exit
01e192a8 T dcm_enable
01e19344 T power_saving_init
01e1939c T mt6575_sleep
01e195c8 T sc_mod_init
01e198f4 T LOGO_GetCustomIF
01e1991c T get_cust_led_list
01e1992c T mt6575_part_get_device
01e19984 T mt6575_part_register_device
01e199f4 t mt6575_part_generic_write
01e19b88 T mt6575_part_generic_read
01e19cbc T mt6575_part_dump
01e19d60 T mt6575_part_get_partition
01e19e30 T mt6575_part_init
01e19edc T mt6575_power_off
01e19f44 t lcm_init
01e19f48 t lcm_suspend
01e1a010 t lcm_resume
01e1a0d8 t lcm_get_params
01e1a188 t lcm_set_util_funcs
01e1a1a0 T crc32_no_comp
01e1a29c T crc32
01e1a2b0 T print_size
01e1a3ec T strcpy
01e1a408 T strncpy
01e1a430 T strcmp
01e1a460 T strncmp
01e1a4a8 T strchr
01e1a4d4 T strlen
01e1a4f0 T strnlen
01e1a518 T memset
01e1a584 T memcpy
01e1a5f0 T simple_strtoul
01e1a6b8 T simple_strtol
01e1a6e0 T panic
01e1a730 t string
01e1a7c0 t put_dec
01e1a98c t number
01e1abbc T vsprintf
01e1aff0 T sprintf
01e1b018 T inflate_fast
01e1b564 T inflate_table
01e1badc T inflateReset
01e1bb78 T inflateInit2_
01e1bc7c T inflateInit_
01e1bc8c T inflateEnd
01e1bd10 T adler32
01e1c000 T zcfree
01e1c008 T zcalloc
01e1c010 T inflate
01e1d654 T __div64_32
01e1d74c T cpu_init
01e1d754 T cleanup_before_linux
01e1d780 T setup_meta_com_tag
01e1d800 T setup_boot_tag
01e1d860 T msg_img_error
01e1d8e4 T msg_header_error
01e1d9bc T setup_revision_tag
01e1da08 T do_nand_boot
01e1e434 T do_msdc_boot
01e1e438 T dcache_disable
01e1e43c T icache_disable
01e1e478 T do_reset
01e1e4a8 T __board_video_skip
01e1e4a8 W board_video_skip
01e1e4b0 T video_set_cursor
01e1e500 T drv_video_init
01e1e6a0 T load_exist_part_tab
01e1ea40 T get_part_tab_from_complier
01e1eaf8 T part_init_pmt
01e1ec5c T __div0
01e1ec60 R version_string
01e1ec88 r C.83.3373
01e1ec8c r tacc_mant
01e1eccc r tacc_exp
01e1ecec r tran_mant
01e1ecfc r tran_exp
01e1ed1c r mmc_tran_mant
01e1ed2c r g_mmcTable
01e1ed4c r C.41.2994
01e1ed5c r msdc_rsp
01e1ed80 r C.91.3513
01e1ed90 r __func__.4973
01e1eda4 r __func__.4960
01e1edb8 r __func__.3833
01e1edd4 r TO_BPP
01e1ede0 R LCD_REG
01e1ede4 R NLI_ARB_CS
01e1ede8 R DPI_PAD_CON
01e1edec R INFRA_DRV5
01e1edf0 R INFRA_DRV6
01e1edf4 R INFRA_DRV12
01e1edf8 r TO_LCD_FORMAT.5269
01e1ee00 r TO_BPP.5263
01e1ee08 R DSI_REG
01e1ee0c R DSI_PHY_REG
01e1ee10 R DSI_CMDQ_REG
01e1ee14 r TO_LCD_FORMAT.4444
01e1ee1c r TO_BPP.4438
01e1ee24 R DPI_REG
01e1ee28 R DSI_PHY_REG_DPI
01e1ee2c R PLL_SOURCE
01e1ee30 R INFRA_DRV_CON1
01e1ee34 R INFRA_DRV_CON2
01e1ee38 R INFRA_DRV_CON12
01e1ee3c R BACKUP_DPI_REG_OFFSETS
01e1ee90 r C.32.5556
01e1ef18 r __func__.6647
01e1ef30 r __FUNCTION__.3164
01e1ef4c r crc_table
01e1f34c r names.2999
01e1f354 r digits.3218
01e1f364 R hex_asc
01e1f378 r lext.3559
01e1f3b8 r lbase.3558
01e1f3f8 r dext.3561
01e1f438 r dbase.3560
01e1f478 r lenfix
01e1fc78 r distfix
01e1fcf8 r order.3868
01e1fd20 r __func__.3221
01e253dc d env_id
01e253e0 d sbrk_base
01e253e4 d trim_threshold
01e253e8 d mmap_threshold
01e253ec D default_environment
01e25458 d erase_seq
01e2545c d tab_seq
01e25468 d g_lastlevel
01e25484 d gpio_dat
01e25488 D gpio_init_dir_data
01e254a8 D gpio_init_pullen_data
01e254c8 D gpio_init_pullsel_data
01e254e8 D gpio_init_dout_data
01e25508 D gpio_init_mode_data
01e25568 D PWM_register
01e25584 D Batt_VoltToPercent_Table
01e255dc D V_PRE2CC_THRES
01e255e0 D V_CC2TOPOFF_THRES
01e255e4 D V_compensate_EVB
01e255e8 D g_bl_on
01e255ec D g_thread_count
01e255f0 D CHR_CON_0
01e255f4 D CHR_CON_1
01e255f8 D CHR_CON_2
01e255fc D CHR_CON_4
01e25600 D CHR_CON_6
01e25604 D CHR_CON_9
01e25608 D CHR_CON_10
01e2560c D PMIC_RESERVE_CON1
01e25610 D CSDAC_DAT_MAX
01e25614 D CHARGING_FULL_CURRENT
01e25618 D g_R_BAT_SENSE
01e2561c D g_R_I_SENSE
01e25620 D g_R_CHARGER_1
01e25624 D g_R_CHARGER_2
01e25628 D g_usb_state
01e2562c D g_temp_CC_value
01e25630 D Enable_BATDRV_LOG
01e25634 D prog
01e25638 D prog_first
01e2563c D msdc_cap
01e2564c D lcm_count
01e25650 D _ctype
01e25750 D init_sequence
01e2577c D lcm_driver_list
01e25780 d _GLOBAL_OFFSET_TABLE_
01e2578c d C.31.2907
01e2580c d C.85.4917
01e25818 d C.86.4918
01e25828 d DBI_DISP_DRV.4093
01e2583c d DSI_DISP_DRV.5844
01e25850 d DPI_DISP_DRV.4840
01e25864 d av_
01e25c6c d cust_led_list
01e25d30 D mt6575_parts
01e25e60 D tm070ddh03_lcm_drv
01e25e98 d lcm_utils
01e260b8 A __u_boot_cmd_start
01e260b8 D __u_boot_cmd_nand_boot
01e260d0 D __u_boot_cmd_msdc_boot
01e260e8 D __u_boot_cmd_help
01e26100 D __u_boot_cmd_question_mark
01e26118 D __u_boot_cmd_printenv
01e26130 D __u_boot_cmd_setenv
01e26148 D __u_boot_cmd_version
01e26160 A __bss_start
01e26160 A __u_boot_cmd_end
01e26160 B boot_time
01e26164 B monitor_flash_len
01e26168 b ctrlc_disabled
01e2616c b ctrlc_was_pressed
01e26170 b current_mallinfo
01e26198 b top_pad
01e2619c b max_sbrked_mem
01e261a0 b max_total_mem
01e261a4 b n_mmaps_max
01e261a8 B mem_malloc_start
01e261ac B mem_malloc_end
01e261b0 B mem_malloc_brk
01e261b4 B env_ptr
01e261b8 b lastcommand.2921
01e262b8 B console_buffer
01e263bc b devs
01e263f8 B stdio_devices
01e26404 B load_addr
01e26408 b g_nr_bank
01e2640c b g_rank_size
01e26410 B g_boot_arg
01e26414 B debug_enable
01e26418 B backlight_PWM_div
01e2641c B g_boot_mode
01e26420 B g_kmem_off
01e26424 B g_rmem_off
01e26428 B g_bimg_sz
01e2642c B g_rcimg_sz
01e26430 B g_fcimg_sz
01e26434 B g_kimg_sz
01e26438 B g_rimg_sz
01e2643c b sd_host
01e26494 b sd_card
01e2676c b g_addr_trans_tbl
01e26774 b g_emmc_addr_trans
01e267d4 b boot_dev_found
01e267d8 b sd_dev
01e26844 b boot_dev
01e2685c B g_user_virt_addr
01e26860 B g_emmc_size
01e26868 B dl_buf
01e27068 b msdc_gpd_pool
01e270a0 b msdc_bd_pool
01e270e0 b msdc_priv
01e27150 B g_uart
01e27154 B g_brg
01e27158 b lastinc
01e2715c b timestamp
01e27160 b timeout
01e27162 b is_rgu_trigger_rst
01e27164 B gpio_init_dinv_data
01e27184 b pwm_status
01e27188 B PWM_REG_OFF
01e2718c b logo_db_addr
01e27190 b fb_addr
01e27194 b fb_size
01e27198 b isLCMFound
01e27199 b is_overlaying
01e2719c b ctrl_if
01e271a0 b s_lcm_params
01e2731c b disp_drv
01e27320 b vramSize.5216
01e27324 b s_enabled.5039
01e27325 b s_enabled.5022
01e27328 b s_mt65xx_gd.4676
01e273b8 B lcm_drv
01e273bc B lcm_params
01e273c0 b _lcdContext
01e28390 b s_isLcdPowerOn
01e28391 b limit_w2m_speed
01e28394 B wait_time
01e28398 b dsiTmpBufBpp
01e2839c b s_tmpBuffers
01e283b4 b s_isDsiPowerOn
01e283b8 b _dsiContext
01e28520 b s_tmpBuffers
01e28538 b s_isDpiPowerOn
01e2853c b regBackup
01e285f4 b logo_cust_if
01e285f8 b batteryVoltageBuffer
01e28670 b batteryCurrentBuffer
01e286e8 b batterySOCBuffer
01e28760 b batteryVoltageSum
01e28764 b batteryCurrentSum
01e28768 b batterySOCSum
01e2876c b batteryIndex
01e28770 b CHR_Type_num
01e28774 B g_bat_full_user_view
01e28778 B g_Battery_Fail
01e2877c B batteryBufferFirst
01e28780 B g_HW_Charging_Done
01e28784 B g_Charging_Over_Time
01e28788 B g_SW_CHR_OUT_EN
01e2878c B save_value
01e28790 B CSDAC_DAT
01e28794 B VBAT_CV_DET
01e28798 B CS_DET
01e2879c B g_bat_temperature_pre
01e287a0 B gADC_BAT_SENSE_temp
01e287a4 B gADC_I_SENSE_temp
01e287a8 B gADC_I_SENSE_offset
01e287ac B g_eco_version
01e287b0 B g_E1_vbat_sense
01e287b4 B g_BatteryAverageCurrent
01e287b8 B g_chr_event
01e287bc B bat_volt_cp_flag
01e287c0 B prog_temp
01e287c4 B g_HW_stop_charging
01e287c8 B bl_switch_timer
01e287cc B bat_volt_check_point
01e287d0 B getVoltFlag
01e287d4 B low_bat_boot_display
01e287d8 B bl_switch
01e287dc B user_view_flag
01e287e0 B g_uboot_anime_on
01e287e4 B get_pmic_flag
01e287e8 B BMT_status
01e28844 B ncp1851_reg
01e28858 B g_ret
01e2885c B g_charger_in_flag
01e28860 B g_first_check
01e28864 b CUST_IF.3474
01e28878 b mt6575_part_dev
01e2887c b mt6575_part_buf
01e28880 B tempart
01e28890 B lastest_part
01e28e80 b lcm_util
01e28ec8 b params
01e28ecc b pGD
01e28ed0 b video_fb_address
01e28ed4 b eorx
01e28ed8 b bgx
01e28edc b console_col
01e28ee0 b console_row
01e28ee4 b video_console_address
01e28ee8 b fgx
01e28eec b pi
01e28ef0 B page_buf
01e29f70 B backup_buf
01e2a770 A _end
