Archive member included because of file (symbol)

arch/arm/lib/libarm.a(board.o)
                              arch/arm/cpu/arm_cortexa9/start.o (start_armboot)
arch/arm/lib/libarm.a(interrupts.o)
                              arch/arm/lib/libarm.a(board.o) (interrupt_init)
common/libcommon.a(cmd_boot.o)
                              (__u_boot_cmd_nand_boot)
common/libcommon.a(cmd_help.o)
                              (__u_boot_cmd_help)
common/libcommon.a(cmd_nvedit.o)
                              arch/arm/lib/libarm.a(board.o) (getenv_r)
common/libcommon.a(cmd_version.o)
                              (__u_boot_cmd_version)
common/libcommon.a(command.o)
                              common/libcommon.a(cmd_nvedit.o) (cmd_usage)
common/libcommon.a(console.o)
                              arch/arm/lib/libarm.a(board.o) (printf)
common/libcommon.a(dlmalloc.o)
                              arch/arm/lib/libarm.a(board.o) (mem_malloc_init)
common/libcommon.a(env_common.o)
                              common/libcommon.a(cmd_nvedit.o) (env_get_addr)
common/libcommon.a(env_nowhere.o)
                              common/libcommon.a(env_common.o) (env_relocate_spec)
common/libcommon.a(exports.o)
                              arch/arm/lib/libarm.a(board.o) (jumptable_init)
common/libcommon.a(main.o)    arch/arm/lib/libarm.a(board.o) (main_loop)
common/libcommon.a(stdio.o)   common/libcommon.a(console.o) (stdio_get_list)
common/libcommon.a(cmd_bootm.o)
                              common/libcommon.a(cmd_nvedit.o) (load_addr)
../../../mediatek/platform/mt6575/uboot/libmt6575.a(mt6575.o)
                              arch/arm/lib/libarm.a(board.o) (dram_init)
../../../mediatek/platform/mt6575/uboot/libmt6575.a(mt6575_board.o)
                              arch/arm/lib/libarm.a(board.o) (misc_init_r)
../../../mediatek/platform/mt6575/uboot/libmt6575.a(mt65xx_leds.o)
                              ../../../mediatek/platform/mt6575/uboot/libmt6575.a(mt6575_board.o) (leds_init)
../../../mediatek/platform/mt6575/uboot/libmt6575.a(boot_mode.o)
                              arch/arm/lib/libarm.a(board.o) (g_boot_mode)
../../../mediatek/platform/mt6575/uboot/libmt6575.a(load_image.o)
                              ../../../mediatek/platform/mt6575/uboot/libmt6575.a(mt6575_board.o) (mboot_common_load_logo)
../../../mediatek/platform/mt6575/uboot/libmt6575.a(mmc_core.o)
                              ../../../mediatek/platform/mt6575/uboot/libmt6575.a(mt6575_board.o) (mmc_legacy_init)
../../../mediatek/platform/mt6575/uboot/libmt6575.a(msdc_utils.o)
                              ../../../mediatek/platform/mt6575/uboot/libmt6575.a(mmc_core.o) (msdc_uffs)
../../../mediatek/platform/mt6575/uboot/libmt6575.a(msdc.o)
                              ../../../mediatek/platform/mt6575/uboot/libmt6575.a(mmc_core.o) (msdc_set_blknum)
../../../mediatek/platform/mt6575/uboot/libmt6575.a(mtk_serial.o)
                              common/libcommon.a(console.o) (serial_getc)
../../../mediatek/platform/mt6575/uboot/libmt6575.a(mtk_timer.o)
                              arch/arm/lib/libarm.a(board.o) (get_timer)
../../../mediatek/platform/mt6575/uboot/libmt6575.a(mt6575_meta.o)
                              ../../../mediatek/platform/mt6575/uboot/libmt6575.a(boot_mode.o) (meta_detection)
../../../mediatek/platform/mt6575/uboot/libmt6575.a(mt6575_recovery.o)
                              ../../../mediatek/platform/mt6575/uboot/libmt6575.a(mt6575.o) (recovery_detection)
../../../mediatek/platform/mt6575/uboot/libmt6575.a(mt6575_factory.o)
                              ../../../mediatek/platform/mt6575/uboot/libmt6575.a(boot_mode.o) (factory_detection)
../../../mediatek/platform/mt6575/uboot/libmt6575.a(mtk_wdt.o)
                              ../../../mediatek/platform/mt6575/uboot/libmt6575.a(mt6575_board.o) (mtk_wdt_init)
../../../mediatek/platform/mt6575/uboot/libmt6575.a(mt6575_gpio.o)
                              ../../../mediatek/platform/mt6575/uboot/libmt6575.a(mt65xx_leds.o) (mt_set_gpio_dir)
../../../mediatek/platform/mt6575/uboot/libmt6575.a(mt6575_gpio_init.o)
                              ../../../mediatek/platform/mt6575/uboot/libmt6575.a(mt6575_board.o) (mt_gpio_set_default)
../../../mediatek/platform/mt6575/uboot/libmt6575.a(mt6575_pwm.o)
                              ../../../mediatek/platform/mt6575/uboot/libmt6575.a(mt65xx_leds.o) (mt_power_off)
../../../mediatek/platform/mt6575/uboot/libmt6575.a(mt6575_disp_drv.o)
                              ../../../mediatek/platform/mt6575/uboot/libmt6575.a(mt6575_board.o) (mt65xx_get_logo_db_addr)
../../../mediatek/platform/mt6575/uboot/libmt6575.a(mt6575_disp_drv_dbi.o)
                              ../../../mediatek/platform/mt6575/uboot/libmt6575.a(mt6575_disp_drv.o) (DISP_GetDriverDBI)
../../../mediatek/platform/mt6575/uboot/libmt6575.a(mt6575_lcd_drv.o)
                              ../../../mediatek/platform/mt6575/uboot/libmt6575.a(mt6575_disp_drv.o) (LCD_ConfigIfFormat)
[...]
Memory Configuration

Name             Origin             Length             Attributes
*default*        0x00000000         0xffffffff

Linker script and memory map

                0x00000000                . = 0x0
                0x00000000                . = ALIGN (0x4)

.text           0x01e00000      0x85c
 arch/arm/cpu/arm_cortexa9/start.o(.text)
 .text          0x01e00000      0x420 arch/arm/cpu/arm_cortexa9/start.o
                0x01e00000                _start
                0x01e00040                _end_vect
                0x01e00044                _armboot_start
                0x01e00048                _bss_start
                0x01e0004c                _bss_end
                0x01e00050                BOOT_ARGUMENT_LOCATION
                0x01e003b8                v7_invalidate_dcache_all
 *(.text)
 .text          0x01e00420       0x30 ../../../mediatek/platform/mt6575/uboot/libmt6575.a(lowlevel_init.o)
                0x01e00424                lowlevel_init
 .text          0x01e00450       0x1c /alps/mprelease/MPload/ALPS.ICS.MP.V1_LENOVO75_A2_ICS/source/alps.test/bootable/bootloader/uboot/arch/arm/lib/libgcc.a(_ashldi3.o)
                0x01e00450                __ashldi3
                0x01e00450                __aeabi_llsl
 *fill*         0x01e0046c       0x14 00
 .text          0x01e00480      0x140 /alps/mprelease/MPload/ALPS.ICS.MP.V1_LENOVO75_A2_ICS/source/alps.test/bootable/bootloader/uboot/arch/arm/lib/libgcc.a(_divsi3.o)
                0x01e00480                __aeabi_idiv
                0x01e00480                __divsi3
 .text          0x01e005c0       0x1c /alps/mprelease/MPload/ALPS.ICS.MP.V1_LENOVO75_A2_ICS/source/alps.test/bootable/bootloader/uboot/arch/arm/lib/libgcc.a(_lshrdi3.o)
                0x01e005c0                __aeabi_llsr
                0x01e005c0                __lshrdi3
 *fill*         0x01e005dc        0x4 00
 .text          0x01e005e0      0x100 /alps/mprelease/MPload/ALPS.ICS.MP.V1_LENOVO75_A2_ICS/source/alps.test/bootable/bootloader/uboot/arch/arm/lib/libgcc.a(_modsi3.o)
                0x01e005e0                __modsi3
 .text          0x01e006e0       0xc8 /alps/mprelease/MPload/ALPS.ICS.MP.V1_LENOVO75_A2_ICS/source/alps.test/bootable/bootloader/uboot/arch/arm/lib/libgcc.a(_udivsi3.o)
                0x01e006e0                __udivsi3
                0x01e006e0                __aeabi_uidiv
                0x01e00778                __aeabi_uidivmod
                0x01e00790                __aeabi_idivmod
 .text          0x01e007a8       0xb4 /alps/mprelease/MPload/ALPS.ICS.MP.V1_LENOVO75_A2_ICS/source/alps.test/bootable/bootloader/uboot/arch/arm/lib/libgcc.a(_umodsi3.o)
                0x01e007a8                __umodsi3

.glue_7         0x01e0085c        0x0
 .glue_7        0x00000000        0x0 linker stubs

.glue_7t        0x01e0085c        0x0
 .glue_7t       0x00000000        0x0 linker stubs

.vfp11_veneer   0x01e0085c        0x0
 .vfp11_veneer  0x00000000        0x0 linker stubs

.v4_bx          0x01e0085c        0x0
 .v4_bx         0x00000000        0x0 linker stubs

.text.hang      0x01e0085c       0x14
 .text.hang     0x01e0085c       0x14 arch/arm/lib/libarm.a(board.o)
                0x01e0085c                hang

.text.display_banner
                0x01e00870       0x28
 .text.display_banner
                0x01e00870       0x28 arch/arm/lib/libarm.a(board.o)

.text.display_dram_config
                0x01e00898       0x80
 .text.display_dram_config
                0x01e00898       0x80 arch/arm/lib/libarm.a(board.o)

.text.init_baudrate
                0x01e00918       0x60
 .text.init_baudrate
                0x01e00918       0x60 arch/arm/lib/libarm.a(board.o)

.text.start_armboot
                0x01e00978      0x264
 .text.start_armboot
                0x01e00978      0x264 arch/arm/lib/libarm.a(board.o)
                0x01e00978                start_armboot

.text.disable_interrupts
                0x01e00bdc        0x8
 .text.disable_interrupts
                0x01e00bdc        0x8 arch/arm/lib/libarm.a(interrupts.o)
                0x01e00bdc                disable_interrupts

.text.interrupt_init
                0x01e00be4        0x8
 .text.interrupt_init
                0x01e00be4        0x8 arch/arm/lib/libarm.a(interrupts.o)
                0x01e00be4                interrupt_init

.text.reset_cpu
                0x01e00bec        0x4
 .text.reset_cpu
                0x01e00bec        0x4 arch/arm/lib/libarm.a(interrupts.o)
                0x01e00bec                reset_cpu

.text.show_regs
                0x01e00bf0      0x174
 .text.show_regs
                0x01e00bf0      0x174 arch/arm/lib/libarm.a(interrupts.o)
                0x01e00bf0                show_regs

.text.bad_mode  0x01e00d64       0x20
 .text.bad_mode
                0x01e00d64       0x20 arch/arm/lib/libarm.a(interrupts.o)
                0x01e00d64                bad_mode

.text.do_irq    0x01e00d84       0x28
 .text.do_irq   0x01e00d84       0x28 arch/arm/lib/libarm.a(interrupts.o)
                0x01e00d84                do_irq

.text.do_fiq    0x01e00dac       0x28
 .text.do_fiq   0x01e00dac       0x28 arch/arm/lib/libarm.a(interrupts.o)
                0x01e00dac                do_fiq

.text.do_not_used
                0x01e00dd4       0x28
 .text.do_not_used
                0x01e00dd4       0x28 arch/arm/lib/libarm.a(interrupts.o)
                0x01e00dd4                do_not_used

.text.do_data_abort
                0x01e00dfc       0x28
 .text.do_data_abort
                0x01e00dfc       0x28 arch/arm/lib/libarm.a(interrupts.o)
                0x01e00dfc                do_data_abort

.text.do_prefetch_abort
                0x01e00e24       0x28
 .text.do_prefetch_abort
                0x01e00e24       0x28 arch/arm/lib/libarm.a(interrupts.o)
                0x01e00e24                do_prefetch_abort

.text.do_software_interrupt
                0x01e00e4c       0x28
 .text.do_software_interrupt
                0x01e00e4c       0x28 arch/arm/lib/libarm.a(interrupts.o)
                0x01e00e4c                do_software_interrupt

.text.do_undefined_instruction
                0x01e00e74       0x28
 .text.do_undefined_instruction
                0x01e00e74       0x28 arch/arm/lib/libarm.a(interrupts.o)
                0x01e00e74                do_undefined_instruction

.text.do_help   0x01e00e9c       0x4c
 .text.do_help  0x01e00e9c       0x4c common/libcommon.a(cmd_help.o)
                0x01e00e9c                do_help

.text.envmatch  0x01e00ee8       0x5c
 .text.envmatch
                0x01e00ee8       0x5c common/libcommon.a(cmd_nvedit.o)
                0x01e00ee8                envmatch

.text.getenv_r  0x01e00f44       0xb4
 .text.getenv_r
                0x01e00f44       0xb4 common/libcommon.a(cmd_nvedit.o)
                0x01e00f44                getenv_r

.text.getenv    0x01e00ff8       0x70
 .text.getenv   0x01e00ff8       0x70 common/libcommon.a(cmd_nvedit.o)
                0x01e00ff8                getenv

.text._do_setenv
                0x01e01068      0x448
 .text._do_setenv
                0x01e01068      0x448 common/libcommon.a(cmd_nvedit.o)
                0x01e01068                _do_setenv

.text.do_setenv
                0x01e014b0       0x2c
 .text.do_setenv
                0x01e014b0       0x2c common/libcommon.a(cmd_nvedit.o)
                0x01e014b0                do_setenv

.text.setenv    0x01e014dc       0x54
 .text.setenv   0x01e014dc       0x54 common/libcommon.a(cmd_nvedit.o)
                0x01e014dc                setenv

.text.printenv  0x01e01530       0xe8
 .text.printenv
                0x01e01530       0xe8 common/libcommon.a(cmd_nvedit.o)

.text.do_printenv
                0x01e01618       0xa0
 .text.do_printenv
                0x01e01618       0xa0 common/libcommon.a(cmd_nvedit.o)
                0x01e01618                do_printenv

.text.do_version
                0x01e016b8       0x28
 .text.do_version
                0x01e016b8       0x28 common/libcommon.a(cmd_version.o)
                0x01e016b8                do_version

.text.cmd_usage
                0x01e016e0       0x6c
 .text.cmd_usage
                0x01e016e0       0x6c common/libcommon.a(command.o)
                0x01e016e0                cmd_usage

.text.find_cmd_tbl
                0x01e0174c       0x98
 .text.find_cmd_tbl
                0x01e0174c       0x98 common/libcommon.a(command.o)
                0x01e0174c                find_cmd_tbl

.text.find_cmd  0x01e017e4       0x34
 .text.find_cmd
                0x01e017e4       0x34 common/libcommon.a(command.o)
                0x01e017e4                find_cmd

.text._do_help  0x01e01818      0x19c
 .text._do_help
                0x01e01818      0x19c common/libcommon.a(command.o)
                0x01e01818                _do_help

.text.console_setfile
                0x01e019b4       0xa8
 .text.console_setfile
                0x01e019b4       0xa8 common/libcommon.a(console.o)

.text.fgetc     0x01e01a5c       0x2c
 .text.fgetc    0x01e01a5c       0x2c common/libcommon.a(console.o)
                0x01e01a5c                fgetc

.text.ftstc     0x01e01a88       0x2c
 .text.ftstc    0x01e01a88       0x2c common/libcommon.a(console.o)
                0x01e01a88                ftstc

.text.fputc     0x01e01ab4       0x30
 .text.fputc    0x01e01ab4       0x30 common/libcommon.a(console.o)
                0x01e01ab4                fputc

.text.fputs     0x01e01ae4       0x30
 .text.fputs    0x01e01ae4       0x30 common/libcommon.a(console.o)
                0x01e01ae4                fputs

.text.had_ctrlc
                0x01e01b14       0x14
 .text.had_ctrlc
                0x01e01b14       0x14 common/libcommon.a(console.o)
                0x01e01b14                had_ctrlc

.text.clear_ctrlc
                0x01e01b28       0x18
 .text.clear_ctrlc
                0x01e01b28       0x18 common/libcommon.a(console.o)
                0x01e01b28                clear_ctrlc

.text.console_init_f
                0x01e01b40       0x10
 .text.console_init_f
                0x01e01b40       0x10 common/libcommon.a(console.o)
                0x01e01b40                console_init_f

.text.search_device
                0x01e01b50       0x28
 .text.search_device
                0x01e01b50       0x28 common/libcommon.a(console.o)
                0x01e01b50                search_device

.text.console_assign
                0x01e01b78       0x40
 .text.console_assign
                0x01e01b78       0x40 common/libcommon.a(console.o)
                0x01e01b78                console_assign

.text.puts      0x01e01bb8       0x1c
 .text.puts     0x01e01bb8       0x1c common/libcommon.a(console.o)
                0x01e01bb8                puts

.text.vprintf   0x01e01bd4       0x2c
 .text.vprintf  0x01e01bd4       0x2c common/libcommon.a(console.o)
                0x01e01bd4                vprintf

.text.printf    0x01e01c00       0x40
 .text.printf   0x01e01c00       0x40 common/libcommon.a(console.o)
                0x01e01c00                printf

.text.putc      0x01e01c40       0x20
 .text.putc     0x01e01c40       0x20 common/libcommon.a(console.o)
                0x01e01c40                putc

.text.tstc      0x01e01c60       0x18
 .text.tstc     0x01e01c60       0x18 common/libcommon.a(console.o)
                0x01e01c60                tstc

.text.getc      0x01e01c78       0x18
 .text.getc     0x01e01c78       0x18 common/libcommon.a(console.o)
                0x01e01c78                getc

.text.ctrlc     0x01e01c90       0x50
 .text.ctrlc    0x01e01c90       0x50 common/libcommon.a(console.o)
                0x01e01c90                ctrlc

.text.sbrk      0x01e01ce0       0x54
 .text.sbrk     0x01e01ce0       0x54 common/libcommon.a(dlmalloc.o)
                0x01e01ce0                sbrk

.text.malloc_trim
                0x01e01d34       0xe8
 .text.malloc_trim
                0x01e01d34       0xe8 common/libcommon.a(dlmalloc.o)
                0x01e01d34                malloc_trim

.text.free      0x01e01e1c      0x254
 .text.free     0x01e01e1c      0x254 common/libcommon.a(dlmalloc.o)
                0x01e01e1c                free

.text.malloc    0x01e02070      0x6c8
 .text.malloc   0x01e02070      0x6c8 common/libcommon.a(dlmalloc.o)
                0x01e02070                malloc

.text.calloc    0x01e02738       0xe4
 .text.calloc   0x01e02738       0xe4 common/libcommon.a(dlmalloc.o)
                0x01e02738                calloc

.text.mem_malloc_init
                0x01e0281c       0x4c
 .text.mem_malloc_init
                0x01e0281c       0x4c common/libcommon.a(dlmalloc.o)
                0x01e0281c                mem_malloc_init

.text.env_get_char_memory
                0x01e02868       0x2c
 .text.env_get_char_memory
                0x01e02868       0x2c common/libcommon.a(env_common.o)
                0x01e02868                env_get_char_memory

.text.env_get_addr
                0x01e02894       0x2c
 .text.env_get_addr
                0x01e02894       0x2c common/libcommon.a(env_common.o)
                0x01e02894                env_get_addr

.text.env_get_char
                0x01e028c0       0x34
 .text.env_get_char
                0x01e028c0       0x34 common/libcommon.a(env_common.o)
                0x01e028c0                env_get_char

.text.env_crc_update
                0x01e028f4       0x30
 .text.env_crc_update
                0x01e028f4       0x30 common/libcommon.a(env_common.o)
                0x01e028f4                env_crc_update

.text.set_default_env
                0x01e02924       0x4c
 .text.set_default_env
                0x01e02924       0x4c common/libcommon.a(env_common.o)
                0x01e02924                set_default_env

.text.env_relocate
                0x01e02970       0x60
 .text.env_relocate
                0x01e02970       0x60 common/libcommon.a(env_common.o)
                0x01e02970                env_relocate

.text.env_relocate_spec
                0x01e029d0        0x4
 .text.env_relocate_spec
                0x01e029d0        0x4 common/libcommon.a(env_nowhere.o)
                0x01e029d0                env_relocate_spec

.text.env_get_char_spec
                0x01e029d4        0xc
 .text.env_get_char_spec
                0x01e029d4        0xc common/libcommon.a(env_nowhere.o)
                0x01e029d4                env_get_char_spec

.text.env_init  0x01e029e0       0x1c
 .text.env_init
                0x01e029e0       0x1c common/libcommon.a(env_nowhere.o)
                0x01e029e0                env_init

.text.dummy     0x01e029fc        0x4
 .text.dummy    0x01e029fc        0x4 common/libcommon.a(exports.o)

.text.get_version
                0x01e02a00        0x8
 .text.get_version
                0x01e02a00        0x8 common/libcommon.a(exports.o)
                0x01e02a00                get_version

.text.jumptable_init
                0x01e02a08      0x2ac
 .text.jumptable_init
                0x01e02a08      0x2ac common/libcommon.a(exports.o)
                0x01e02a08                jumptable_init

.text.parse_line
                0x01e02cb4       0xa4
 .text.parse_line
                0x01e02cb4       0xa4 common/libcommon.a(main.o)
                0x01e02cb4                parse_line

.text.run_command
                0x01e02d58      0x3a8
 .text.run_command
                0x01e02d58      0x3a8 common/libcommon.a(main.o)
                0x01e02d58                run_command

.text.delete_char
                0x01e03100       0xf4
 .text.delete_char
                0x01e03100       0xf4 common/libcommon.a(main.o)

.text.readline_into_buffer
                0x01e031f4      0x1f8
 .text.readline_into_buffer
                0x01e031f4      0x1f8 common/libcommon.a(main.o)
                0x01e031f4                readline_into_buffer

.text.readline  0x01e033ec       0x1c
 .text.readline
                0x01e033ec       0x1c common/libcommon.a(main.o)
                0x01e033ec                readline

.text.main_loop
                0x01e03408      0x110
 .text.main_loop
                0x01e03408      0x110 common/libcommon.a(main.o)
                0x01e03408                main_loop

.text.stdio_clone
                0x01e03518       0x48
 .text.stdio_clone
                0x01e03518       0x48 common/libcommon.a(stdio.o)
                0x01e03518                stdio_clone

.text.stdio_register
                0x01e03560       0x44
 .text.stdio_register
                0x01e03560       0x44 common/libcommon.a(stdio.o)
                0x01e03560                stdio_register

.text.stdio_init
                0x01e035a4       0xb4
 .text.stdio_init
                0x01e035a4       0xb4 common/libcommon.a(stdio.o)
                0x01e035a4                stdio_init

.text.stdio_get_by_name
                0x01e03658       0x50
 .text.stdio_get_by_name
                0x01e03658       0x50 common/libcommon.a(stdio.o)
                0x01e03658                stdio_get_by_name

.text.system_init
                0x01e036a8       0x10
 .text.system_init
                0x01e036a8       0x10 ../../../mediatek/platform/mt6575/uboot/libmt6575.a(mt6575.o)
                0x01e036a8                system_init

.text.dram_init
                0x01e036b8      0x140
 .text.dram_init
                0x01e036b8      0x140 ../../../mediatek/platform/mt6575/uboot/libmt6575.a(mt6575.o)
                0x01e036b8                dram_init

.text.get_bank_nr
                0x01e037f8       0x10
 .text.get_bank_nr
                0x01e037f8       0x10 ../../../mediatek/platform/mt6575/uboot/libmt6575.a(mt6575.o)
                0x01e037f8                get_bank_nr

.text.memory_size
                0x01e03808       0x44
 .text.memory_size
                0x01e03808       0x44 ../../../mediatek/platform/mt6575/uboot/libmt6575.a(mt6575.o)
                0x01e03808                memory_size

.text.mt65xx_sw_env
                0x01e0384c       0x20
 .text.mt65xx_sw_env
                0x01e0384c       0x20 ../../../mediatek/platform/mt6575/uboot/libmt6575.a(mt6575.o)
                0x01e0384c                mt65xx_sw_env

.text.get_board_rev
                0x01e0386c        0xc
 .text.get_board_rev
                0x01e0386c        0xc ../../../mediatek/platform/mt6575/uboot/libmt6575.a(mt6575_board.o)
                0x01e0386c                get_board_rev

.text.misc_init_r
                0x01e03878      0x130
 .text.misc_init_r
                0x01e03878      0x130 ../../../mediatek/platform/mt6575/uboot/libmt6575.a(mt6575_board.o)
                0x01e03878                misc_init_r

.text.board_init
                0x01e039a8       0xd4
 .text.board_init
                0x01e039a8       0xd4 ../../../mediatek/platform/mt6575/uboot/libmt6575.a(mt6575_board.o)
                0x01e039a8                board_init

.text.mt65xx_leds_brightness_set
                0x01e03a7c      0x474
 .text.mt65xx_leds_brightness_set
                0x01e03a7c      0x474 ../../../mediatek/platform/mt6575/uboot/libmt6575.a(mt65xx_leds.o)
                0x01e03a7c                mt65xx_leds_brightness_set

.text.mt65xx_backlight_off
                0x01e03ef0       0x24
 .text.mt65xx_backlight_off
                0x01e03ef0       0x24 ../../../mediatek/platform/mt6575/uboot/libmt6575.a(mt65xx_leds.o)
                0x01e03ef0                mt65xx_backlight_off

.text.leds_init
                0x01e03f14       0x1c
 .text.leds_init
                0x01e03f14       0x1c ../../../mediatek/platform/mt6575/uboot/libmt6575.a(mt65xx_leds.o)
                0x01e03f14                leds_init

.text.mt65xx_backlight_on
                0x01e03f30       0x24
 .text.mt65xx_backlight_on
                0x01e03f30       0x24 ../../../mediatek/platform/mt6575/uboot/libmt6575.a(mt65xx_leds.o)
                0x01e03f30                mt65xx_backlight_on

.text.leds_battery_medium_charging
                0x01e03f54       0x34
 .text.leds_battery_medium_charging
                0x01e03f54       0x34 ../../../mediatek/platform/mt6575/uboot/libmt6575.a(mt65xx_leds.o)
                0x01e03f54                leds_battery_medium_charging

.text.leds_battery_low_charging
                0x01e03f88       0x34
 .text.leds_battery_low_charging
                0x01e03f88       0x34 ../../../mediatek/platform/mt6575/uboot/libmt6575.a(mt65xx_leds.o)
                0x01e03f88                leds_battery_low_charging

.text.leds_battery_full_charging
                0x01e03fbc       0x34
 .text.leds_battery_full_charging
                0x01e03fbc       0x34 ../../../mediatek/platform/mt6575/uboot/libmt6575.a(mt65xx_leds.o)
                0x01e03fbc                leds_battery_full_charging

.text.meta_mode_check
                0x01e03ff0       0x24
 .text.meta_mode_check
                0x01e03ff0       0x24 ../../../mediatek/platform/mt6575/uboot/libmt6575.a(boot_mode.o)
                0x01e03ff0                meta_mode_check

.text.get_chip_eco_ver
                0x01e04014        0xc
 .text.get_chip_eco_ver
                0x01e04014        0xc ../../../mediatek/platform/mt6575/uboot/libmt6575.a(boot_mode.o)
                0x01e04014                get_chip_eco_ver

.text.boot_mode_select
                0x01e04020       0x60
 .text.boot_mode_select
                0x01e04020       0x60 ../../../mediatek/platform/mt6575/uboot/libmt6575.a(boot_mode.o)
                0x01e04020                boot_mode_select

.text.mboot_recovery_load_raw_part
                0x01e04080       0xac
 .text.mboot_recovery_load_raw_part
                0x01e04080       0xac ../../../mediatek/platform/mt6575/uboot/libmt6575.a(load_image.o)
                0x01e04080                mboot_recovery_load_raw_part

.text.mboot_recovery_load_misc
                0x01e0412c       0x4c
 .text.mboot_recovery_load_misc
                0x01e0412c       0x4c ../../../mediatek/platform/mt6575/uboot/libmt6575.a(load_image.o)
                0x01e0412c                mboot_recovery_load_misc

.text.mboot_android_load_factoryimg_hdr
                0x01e04178      0x1c8
 .text.mboot_android_load_factoryimg_hdr
                0x01e04178      0x1c8 ../../../mediatek/platform/mt6575/uboot/libmt6575.a(load_image.o)
                0x01e04178                mboot_android_load_factoryimg_hdr

.text.mboot_android_load_recoveryimg_hdr
                0x01e04340      0x264
 .text.mboot_android_load_recoveryimg_hdr
                0x01e04340      0x264 ../../../mediatek/platform/mt6575/uboot/libmt6575.a(load_image.o)
                0x01e04340                mboot_android_load_recoveryimg_hdr

.text.mboot_android_load_bootimg_hdr
                0x01e045a4      0x2ac
 .text.mboot_android_load_bootimg_hdr
                0x01e045a4      0x2ac ../../../mediatek/platform/mt6575/uboot/libmt6575.a(load_image.o)
                0x01e045a4                mboot_android_load_bootimg_hdr

.text.mboot_android_check_img_info
                0x01e04850      0x100
 .text.mboot_android_check_img_info
                0x01e04850      0x100 ../../../mediatek/platform/mt6575/uboot/libmt6575.a(load_image.o)
                0x01e04850                mboot_android_check_img_info

.text.mboot_android_load_factoryimg
                0x01e04950       0x94
 .text.mboot_android_load_factoryimg
                0x01e04950       0x94 ../../../mediatek/platform/mt6575/uboot/libmt6575.a(load_image.o)
                0x01e04950                mboot_android_load_factoryimg

.text.mboot_android_load_recoveryimg
                0x01e049e4      0x160
 .text.mboot_android_load_recoveryimg
                0x01e049e4      0x160 ../../../mediatek/platform/mt6575/uboot/libmt6575.a(load_image.o)
                0x01e049e4                mboot_android_load_recoveryimg

.text.mboot_android_load_bootimg
                0x01e04b44      0x160
 .text.mboot_android_load_bootimg
                0x01e04b44      0x160 ../../../mediatek/platform/mt6575/uboot/libmt6575.a(load_image.o)
                0x01e04b44                mboot_android_load_bootimg

.text.mboot_common_load_part
                0x01e04ca4      0x1fc
 .text.mboot_common_load_part
                0x01e04ca4      0x1fc ../../../mediatek/platform/mt6575/uboot/libmt6575.a(load_image.o)
                0x01e04ca4                mboot_common_load_part

.text.mboot_common_load_logo
                0x01e04ea0       0x14
 .text.mboot_common_load_logo
                0x01e04ea0       0x14 ../../../mediatek/platform/mt6575/uboot/libmt6575.a(load_image.o)
                0x01e04ea0                mboot_common_load_logo

.text.unstuff_bits
                0x01e04eb4       0x40
 .text.unstuff_bits
                0x01e04eb4       0x40 ../../../mediatek/platform/mt6575/uboot/libmt6575.a(mmc_core.o)

.text.mmc_get_host
                0x01e04ef4       0x18
 .text.mmc_get_host
                0x01e04ef4       0x18 ../../../mediatek/platform/mt6575/uboot/libmt6575.a(mmc_core.o)
                0x01e04ef4                mmc_get_host

.text.mmc_get_card
                0x01e04f0c       0x1c
 .text.mmc_get_card
                0x01e04f0c       0x1c ../../../mediatek/platform/mt6575/uboot/libmt6575.a(mmc_core.o)
                0x01e04f0c                mmc_get_card

.text.mmc_addr_trans_tbl_init
                0x01e04f28      0x2fc
 .text.mmc_addr_trans_tbl_init
                0x01e04f28      0x2fc ../../../mediatek/platform/mt6575/uboot/libmt6575.a(mmc_core.o)
                0x01e04f28                mmc_addr_trans_tbl_init

.text.mmc_init_host
                0x01e05224       0x28
 .text.mmc_init_host
                0x01e05224       0x28 ../../../mediatek/platform/mt6575/uboot/libmt6575.a(mmc_core.o)
                0x01e05224                mmc_init_host

.text.mmc_cmd   0x01e0524c       0x34
 .text.mmc_cmd  0x01e0524c       0x34 ../../../mediatek/platform/mt6575/uboot/libmt6575.a(mmc_core.o)

.text.mmc_send_if_cond
                0x01e05280       0x70
 .text.mmc_send_if_cond
                0x01e05280       0x70 ../../../mediatek/platform/mt6575/uboot/libmt6575.a(mmc_core.o)

.text.mmc_app_cmd
                0x01e052f0       0x7c
 .text.mmc_app_cmd
                0x01e052f0       0x7c ../../../mediatek/platform/mt6575/uboot/libmt6575.a(mmc_core.o)

.text.mmc_set_card_detect
                0x01e0536c       0x44
 .text.mmc_set_card_detect
                0x01e0536c       0x44 ../../../mediatek/platform/mt6575/uboot/libmt6575.a(mmc_core.o)
                0x01e0536c                mmc_set_card_detect

.text.mmc_select_card
                0x01e053b0       0x44
 .text.mmc_select_card
                0x01e053b0       0x44 ../../../mediatek/platform/mt6575/uboot/libmt6575.a(mmc_core.o)
                0x01e053b0                mmc_select_card

.text.mmc_send_status
                0x01e053f4       0x54
 .text.mmc_send_status
                0x01e053f4       0x54 ../../../mediatek/platform/mt6575/uboot/libmt6575.a(mmc_core.o)
                0x01e053f4                mmc_send_status

.text.mmc_switch
                0x01e05448       0xd8
 .text.mmc_switch
                0x01e05448       0xd8 ../../../mediatek/platform/mt6575/uboot/libmt6575.a(mmc_core.o)
                0x01e05448                mmc_switch

.text.mmc_go_idle
                0x01e05520       0x38
 .text.mmc_go_idle
                0x01e05520       0x38 ../../../mediatek/platform/mt6575/uboot/libmt6575.a(mmc_core.o)
                0x01e05520                mmc_go_idle

.text.mmc_send_app_op_cond
                0x01e05558       0x98
 .text.mmc_send_app_op_cond
                0x01e05558       0x98 ../../../mediatek/platform/mt6575/uboot/libmt6575.a(mmc_core.o)

.text.mmc_send_op_cond
                0x01e055f0       0xa4
 .text.mmc_send_op_cond
                0x01e055f0       0xa4 ../../../mediatek/platform/mt6575/uboot/libmt6575.a(mmc_core.o)

.text.mmc_set_blk_length
                0x01e05694       0x5c
 .text.mmc_set_blk_length
                0x01e05694       0x5c ../../../mediatek/platform/mt6575/uboot/libmt6575.a(mmc_core.o)
                0x01e05694                mmc_set_blk_length

.text.mmc_read_ext_csd
                0x01e056f0      0x234
 .text.mmc_read_ext_csd
                0x01e056f0      0x234 ../../../mediatek/platform/mt6575/uboot/libmt6575.a(mmc_core.o)
                0x01e056f0                mmc_read_ext_csd

.text.mmc_switch_part
                0x01e05924       0xb8
 .text.mmc_switch_part
                0x01e05924       0xb8 ../../../mediatek/platform/mt6575/uboot/libmt6575.a(mmc_core.o)

.text.mmc_virt_to_phys
                0x01e059dc       0x70
 .text.mmc_virt_to_phys
                0x01e059dc       0x70 ../../../mediatek/platform/mt6575/uboot/libmt6575.a(mmc_core.o)

.text.mmc_set_clock
                0x01e05a4c       0x2c
 .text.mmc_set_clock
                0x01e05a4c       0x2c ../../../mediatek/platform/mt6575/uboot/libmt6575.a(mmc_core.o)
                0x01e05a4c                mmc_set_clock

.text.mmc_dev_bwrite
                0x01e05a78      0x100
 .text.mmc_dev_bwrite
                0x01e05a78      0x100 ../../../mediatek/platform/mt6575/uboot/libmt6575.a(mmc_core.o)

.text.mmc_block_write
                0x01e05b78      0x140
 .text.mmc_block_write
                0x01e05b78      0x140 ../../../mediatek/platform/mt6575/uboot/libmt6575.a(mmc_core.o)
                0x01e05b78                mmc_block_write

.text.mmc_wrap_bwrite
                0x01e05cb8       0x1c
 .text.mmc_wrap_bwrite
                0x01e05cb8       0x1c ../../../mediatek/platform/mt6575/uboot/libmt6575.a(mmc_core.o)
                0x01e05cb8                mmc_wrap_bwrite

.text.mmc_dev_bread
                0x01e05cd4       0xac
 .text.mmc_dev_bread
                0x01e05cd4       0xac ../../../mediatek/platform/mt6575/uboot/libmt6575.a(mmc_core.o)
                0x01e05cd4                mmc_dev_bread

.text.mmc_block_read
                0x01e05d80      0x140
 .text.mmc_block_read
                0x01e05d80      0x140 ../../../mediatek/platform/mt6575/uboot/libmt6575.a(mmc_core.o)
                0x01e05d80                mmc_block_read

.text.mmc_wrap_bread
                0x01e05ec0       0x1c
 .text.mmc_wrap_bread
                0x01e05ec0       0x1c ../../../mediatek/platform/mt6575/uboot/libmt6575.a(mmc_core.o)
                0x01e05ec0                mmc_wrap_bread

.text.mmc_set_bus_width
                0x01e05edc      0x1b0
 .text.mmc_set_bus_width
                0x01e05edc      0x1b0 ../../../mediatek/platform/mt6575/uboot/libmt6575.a(mmc_core.o)
                0x01e05edc                mmc_set_bus_width

.text.mmc_sd_switch.clone.0
                0x01e0608c       0xa4
 .text.mmc_sd_switch.clone.0
                0x01e0608c       0xa4 ../../../mediatek/platform/mt6575/uboot/libmt6575.a(mmc_core.o)

.text.mmc_switch_hs
                0x01e06130       0x78
 .text.mmc_switch_hs
                0x01e06130       0x78 ../../../mediatek/platform/mt6575/uboot/libmt6575.a(mmc_core.o)
                0x01e06130                mmc_switch_hs

.text.mmc_init_mem_card
                0x01e061a8     0x1184
 .text.mmc_init_mem_card
                0x01e061a8     0x1184 ../../../mediatek/platform/mt6575/uboot/libmt6575.a(mmc_core.o)
                0x01e061a8                mmc_init_mem_card

.text.mmc_init_card
                0x01e0732c      0x2d8
 .text.mmc_init_card
                0x01e0732c      0x2d8 ../../../mediatek/platform/mt6575/uboot/libmt6575.a(mmc_core.o)
                0x01e0732c                mmc_init_card

.text.mmc_legacy_init
                0x01e07604      0x150
 .text.mmc_legacy_init
                0x01e07604      0x150 ../../../mediatek/platform/mt6575/uboot/libmt6575.a(mmc_core.o)
                0x01e07604                mmc_legacy_init

.text.msdc_uffs
                0x01e07754       0x50
 .text.msdc_uffs
                0x01e07754       0x50 ../../../mediatek/platform/mt6575/uboot/libmt6575.a(msdc_utils.o)
                0x01e07754                msdc_uffs

.text.msdc_ntohl
                0x01e077a4       0x30
 .text.msdc_ntohl
                0x01e077a4       0x30 ../../../mediatek/platform/mt6575/uboot/libmt6575.a(msdc_utils.o)
                0x01e077a4                msdc_ntohl

.text.msdc_set_field
                0x01e077d4       0x2c
 .text.msdc_set_field
                0x01e077d4       0x2c ../../../mediatek/platform/mt6575/uboot/libmt6575.a(msdc_utils.o)
                0x01e077d4                msdc_set_field

.text.msdc_get_field
                0x01e07800       0x30
 .text.msdc_get_field
                0x01e07800       0x30 ../../../mediatek/platform/mt6575/uboot/libmt6575.a(msdc_utils.o)
                0x01e07800                msdc_get_field

.text.msdc_flush_membuf
                0x01e07830        0x4
 .text.msdc_flush_membuf
                0x01e07830        0x4 ../../../mediatek/platform/mt6575/uboot/libmt6575.a(msdc.o)
                0x01e07830                msdc_flush_membuf

.text.msdc_cal_checksum
                0x01e07834       0x2c
 .text.msdc_cal_checksum
                0x01e07834       0x2c ../../../mediatek/platform/mt6575/uboot/libmt6575.a(msdc.o)
                0x01e07834                msdc_cal_checksum

.text.msdc_queue_bd
                0x01e07860       0x4c
 .text.msdc_queue_bd
                0x01e07860       0x4c ../../../mediatek/platform/mt6575/uboot/libmt6575.a(msdc.o)
                0x01e07860                msdc_queue_bd

.text.msdc_add_gpd
                0x01e078ac       0x5c
 .text.msdc_add_gpd
                0x01e078ac       0x5c ../../../mediatek/platform/mt6575/uboot/libmt6575.a(msdc.o)
                0x01e078ac                msdc_add_gpd

.text.msdc_reset_gpd
                0x01e07908       0x1c
 .text.msdc_reset_gpd
                0x01e07908       0x1c ../../../mediatek/platform/mt6575/uboot/libmt6575.a(msdc.o)
                0x01e07908                msdc_reset_gpd

.text.msdc_set_blknum
                0x01e07924        0xc
 .text.msdc_set_blknum
                0x01e07924        0xc ../../../mediatek/platform/mt6575/uboot/libmt6575.a(msdc.o)
                0x01e07924                msdc_set_blknum

.text.msdc_set_autocmd
                0x01e07930       0x1c
 .text.msdc_set_autocmd
                0x01e07930       0x1c ../../../mediatek/platform/mt6575/uboot/libmt6575.a(msdc.o)
                0x01e07930                msdc_set_autocmd

.text.msdc_intr_wait
                0x01e0794c       0x20
 .text.msdc_intr_wait
                0x01e0794c       0x20 ../../../mediatek/platform/mt6575/uboot/libmt6575.a(msdc.o)
                0x01e0794c                msdc_intr_wait

.text.msdc_intr_unmask
                0x01e0796c       0x14
 .text.msdc_intr_unmask
                0x01e0796c       0x14 ../../../mediatek/platform/mt6575/uboot/libmt6575.a(msdc.o)
                0x01e0796c                msdc_intr_unmask

.text.msdc_sg_init
                0x01e07980       0x6c
 .text.msdc_sg_init
                0x01e07980       0x6c ../../../mediatek/platform/mt6575/uboot/libmt6575.a(msdc.o)
                0x01e07980                msdc_sg_init

.text.msdc_dma_cmd
                0x01e079ec       0x88
 .text.msdc_dma_cmd
                0x01e079ec       0x88 ../../../mediatek/platform/mt6575/uboot/libmt6575.a(msdc.o)
                0x01e079ec                msdc_dma_cmd

.text.msdc_dma_wait_done
                0x01e07a74       0xc8
 .text.msdc_dma_wait_done
                0x01e07a74       0xc8 ../../../mediatek/platform/mt6575/uboot/libmt6575.a(msdc.o)
                0x01e07a74                msdc_dma_wait_done

.text.msdc_clock
                0x01e07b3c        0x4
 .text.msdc_clock
                0x01e07b3c        0x4 ../../../mediatek/platform/mt6575/uboot/libmt6575.a(msdc.o)
                0x01e07b3c                msdc_clock

.text.msdc_dma_init
                0x01e07b40       0xb4
 .text.msdc_dma_init
                0x01e07b40       0xb4 ../../../mediatek/platform/mt6575/uboot/libmt6575.a(msdc.o)
                0x01e07b40                msdc_dma_init

.text.msdc_abort
                0x01e07bf4       0xb8
 .text.msdc_abort
                0x01e07bf4       0xb8 ../../../mediatek/platform/mt6575/uboot/libmt6575.a(msdc.o)
                0x01e07bf4                msdc_abort

.text.msdc_set_blklen
                0x01e07cac       0x60
 .text.msdc_set_blklen
                0x01e07cac       0x60 ../../../mediatek/platform/mt6575/uboot/libmt6575.a(msdc.o)
                0x01e07cac                msdc_set_blklen

.text.msdc_alloc_bd
                0x01e07d0c       0x90
 .text.msdc_alloc_bd
                0x01e07d0c       0x90 ../../../mediatek/platform/mt6575/uboot/libmt6575.a(msdc.o)
                0x01e07d0c                msdc_alloc_bd

.text.msdc_alloc_gpd
                0x01e07d9c       0x88
 .text.msdc_alloc_gpd
                0x01e07d9c       0x88 ../../../mediatek/platform/mt6575/uboot/libmt6575.a(msdc.o)
                0x01e07d9c                msdc_alloc_gpd

.text.msdc_card_detect
                0x01e07e24       0x6c
 .text.msdc_card_detect
                0x01e07e24       0x6c ../../../mediatek/platform/mt6575/uboot/libmt6575.a(msdc.o)
                0x01e07e24                msdc_card_detect

.text.msdc_config_pin
                0x01e07e90       0xe0
 .text.msdc_config_pin
                0x01e07e90       0xe0 ../../../mediatek/platform/mt6575/uboot/libmt6575.a(msdc.o)
                0x01e07e90                msdc_config_pin

.text.msdc_dma_stop
                0x01e07f70       0x44
 .text.msdc_dma_stop
                0x01e07f70       0x44 ../../../mediatek/platform/mt6575/uboot/libmt6575.a(msdc.o)
                0x01e07f70                msdc_dma_stop

.text.msdc_dma_start
                0x01e07fb4       0x14
 .text.msdc_dma_start
                0x01e07fb4       0x14 ../../../mediatek/platform/mt6575/uboot/libmt6575.a(msdc.o)
                0x01e07fb4                msdc_dma_start

.text.msdc_dma_config
                0x01e07fc8      0x3e0
 .text.msdc_dma_config
                0x01e07fc8      0x3e0 ../../../mediatek/platform/mt6575/uboot/libmt6575.a(msdc.o)
                0x01e07fc8                msdc_dma_config

.text.msdc_set_driving
                0x01e083a8       0x84
 .text.msdc_set_driving
                0x01e083a8       0x84 ../../../mediatek/platform/mt6575/uboot/libmt6575.a(msdc.o)
                0x01e083a8                msdc_set_driving

.text.msdc_set_timeout
                0x01e0842c       0x5c
 .text.msdc_set_timeout
                0x01e0842c       0x5c ../../../mediatek/platform/mt6575/uboot/libmt6575.a(msdc.o)
                0x01e0842c                msdc_set_timeout

.text.msdc_card_avail
                0x01e08488       0x4c
 .text.msdc_card_avail
                0x01e08488       0x4c ../../../mediatek/platform/mt6575/uboot/libmt6575.a(msdc.o)
                0x01e08488                msdc_card_avail

.text.msdc_tune_bread
                0x01e084d4      0x4fc
 .text.msdc_tune_bread
                0x01e084d4      0x4fc ../../../mediatek/platform/mt6575/uboot/libmt6575.a(msdc.o)
                0x01e084d4                msdc_tune_bread

.text.msdc_config_bus
                0x01e089d0       0x44
 .text.msdc_config_bus
                0x01e089d0       0x44 ../../../mediatek/platform/mt6575/uboot/libmt6575.a(msdc.o)
                0x01e089d0                msdc_config_bus

.text.msdc_wait_rsp
                0x01e08a14      0x114
 .text.msdc_wait_rsp
                0x01e08a14      0x114 ../../../mediatek/platform/mt6575/uboot/libmt6575.a(msdc.o)
                0x01e08a14                msdc_wait_rsp

.text.msdc_config_clksrc
                0x01e08b28       0x84
 .text.msdc_config_clksrc
                0x01e08b28       0x84 ../../../mediatek/platform/mt6575/uboot/libmt6575.a(msdc.o)
                0x01e08b28                msdc_config_clksrc

.text.msdc_config_clock
                0x01e08bac      0x174
 .text.msdc_config_clock
                0x01e08bac      0x174 ../../../mediatek/platform/mt6575/uboot/libmt6575.a(msdc.o)
                0x01e08bac                msdc_config_clock

.text.msdc_send_cmd
                0x01e08d20      0x238
 .text.msdc_send_cmd
                0x01e08d20      0x238 ../../../mediatek/platform/mt6575/uboot/libmt6575.a(msdc.o)
                0x01e08d20                msdc_send_cmd

.text.msdc_tune_cmdrsp
                0x01e08f58      0x2dc
 .text.msdc_tune_cmdrsp
                0x01e08f58      0x2dc ../../../mediatek/platform/mt6575/uboot/libmt6575.a(msdc.o)
                0x01e08f58                msdc_tune_cmdrsp

.text.msdc_abort_handler
                0x01e09234       0x68
 .text.msdc_abort_handler
                0x01e09234       0x68 ../../../mediatek/platform/mt6575/uboot/libmt6575.a(msdc.o)
                0x01e09234                msdc_abort_handler

.text.msdc_cmd  0x01e0929c       0x58
 .text.msdc_cmd
                0x01e0929c       0x58 ../../../mediatek/platform/mt6575/uboot/libmt6575.a(msdc.o)
                0x01e0929c                msdc_cmd

.text.msdc_dma_transfer
                0x01e092f4      0x2b4
 .text.msdc_dma_transfer
                0x01e092f4      0x2b4 ../../../mediatek/platform/mt6575/uboot/libmt6575.a(msdc.o)
                0x01e092f4                msdc_dma_transfer

.text.msdc_dma_bwrite
                0x01e095a8       0x5c
 .text.msdc_dma_bwrite
                0x01e095a8       0x5c ../../../mediatek/platform/mt6575/uboot/libmt6575.a(msdc.o)
                0x01e095a8                msdc_dma_bwrite

.text.msdc_dma_bread
                0x01e09604       0x60
 .text.msdc_dma_bread
                0x01e09604       0x60 ../../../mediatek/platform/mt6575/uboot/libmt6575.a(msdc.o)
                0x01e09604                msdc_dma_bread

.text.msdc_pio_read_word
                0x01e09664      0x150
 .text.msdc_pio_read_word
                0x01e09664      0x150 ../../../mediatek/platform/mt6575/uboot/libmt6575.a(msdc.o)
                0x01e09664                msdc_pio_read_word

.text.msdc_pio_read
                0x01e097b4       0x24
 .text.msdc_pio_read
                0x01e097b4       0x24 ../../../mediatek/platform/mt6575/uboot/libmt6575.a(msdc.o)
                0x01e097b4                msdc_pio_read

.text.msdc_set_host_pwr
                0x01e097d8       0x54
 .text.msdc_set_host_pwr
                0x01e097d8       0x54 ../../../mediatek/platform/mt6575/uboot/libmt6575.a(msdc.o)
                0x01e097d8                msdc_set_host_pwr

.text.msdc_host_power
                0x01e0982c       0x4c
 .text.msdc_host_power
                0x01e0982c       0x4c ../../../mediatek/platform/mt6575/uboot/libmt6575.a(msdc.o)
                0x01e0982c                msdc_host_power

.text.msdc_set_card_pwr
                0x01e09878       0x54
 .text.msdc_set_card_pwr
                0x01e09878       0x54 ../../../mediatek/platform/mt6575/uboot/libmt6575.a(msdc.o)
                0x01e09878                msdc_set_card_pwr

.text.msdc_hard_reset
                0x01e098cc       0x18
 .text.msdc_hard_reset
                0x01e098cc       0x18 ../../../mediatek/platform/mt6575/uboot/libmt6575.a(msdc.o)
                0x01e098cc                msdc_hard_reset

.text.msdc_card_power
                0x01e098e4        0xc
 .text.msdc_card_power
                0x01e098e4        0xc ../../../mediatek/platform/mt6575/uboot/libmt6575.a(msdc.o)
                0x01e098e4                msdc_card_power

.text.msdc_power
                0x01e098f0       0x48
 .text.msdc_power
                0x01e098f0       0x48 ../../../mediatek/platform/mt6575/uboot/libmt6575.a(msdc.o)
                0x01e098f0                msdc_power

.text.msdc_init
                0x01e09938      0x408
 .text.msdc_init
                0x01e09938      0x408 ../../../mediatek/platform/mt6575/uboot/libmt6575.a(msdc.o)
                0x01e09938                msdc_init

.text.mtk_uart_power_on
                0x01e09d40       0x44
 .text.mtk_uart_power_on
                0x01e09d40       0x44 ../../../mediatek/platform/mt6575/uboot/libmt6575.a(mtk_serial.o)
                0x01e09d40                mtk_uart_power_on

.text.serial_getc
                0x01e09d84       0x34
 .text.serial_getc
                0x01e09d84       0x34 ../../../mediatek/platform/mt6575/uboot/libmt6575.a(mtk_serial.o)
                0x01e09d84                serial_getc

.text.serial_putc
                0x01e09db8       0x50
 .text.serial_putc
                0x01e09db8       0x50 ../../../mediatek/platform/mt6575/uboot/libmt6575.a(mtk_serial.o)
                0x01e09db8                serial_putc

.text.serial_puts
                0x01e09e08       0x20
 .text.serial_puts
                0x01e09e08       0x20 ../../../mediatek/platform/mt6575/uboot/libmt6575.a(mtk_serial.o)
                0x01e09e08                serial_puts

.text.serial_tstc
                0x01e09e28       0x1c
 .text.serial_tstc
                0x01e09e28       0x1c ../../../mediatek/platform/mt6575/uboot/libmt6575.a(mtk_serial.o)
                0x01e09e28                serial_tstc

.text.serial_init
                0x01e09e44        0x8
 .text.serial_init
                0x01e09e44        0x8 ../../../mediatek/platform/mt6575/uboot/libmt6575.a(mtk_serial.o)
                0x01e09e44                serial_init

.text.custom_port_in_kernel
                0x01e09e4c       0xc8
 .text.custom_port_in_kernel
                0x01e09e4c       0xc8 ../../../mediatek/platform/mt6575/uboot/libmt6575.a(mtk_serial.o)
                0x01e09e4c                custom_port_in_kernel

.text.mtk_serial_set_current_uart
                0x01e09f14       0x70
 .text.mtk_serial_set_current_uart
                0x01e09f14       0x70 ../../../mediatek/platform/mt6575/uboot/libmt6575.a(mtk_serial.o)
                0x01e09f14                mtk_serial_set_current_uart

.text.serial_setbrg
                0x01e09f84      0x15c
 .text.serial_setbrg
                0x01e09f84      0x15c ../../../mediatek/platform/mt6575/uboot/libmt6575.a(mtk_serial.o)
                0x01e09f84                serial_setbrg

.text.mtk_serial_init
                0x01e0a0e0      0x114
 .text.mtk_serial_init
                0x01e0a0e0      0x114 ../../../mediatek/platform/mt6575/uboot/libmt6575.a(mtk_serial.o)
                0x01e0a0e0                mtk_serial_init

.text.gpt4_get_current_tick
                0x01e0a1f4       0x10
 .text.gpt4_get_current_tick
                0x01e0a1f4       0x10 ../../../mediatek/platform/mt6575/uboot/libmt6575.a(mtk_timer.o)
                0x01e0a1f4                gpt4_get_current_tick

.text.gpt4_tick2time_us
                0x01e0a204       0x14
 .text.gpt4_tick2time_us
                0x01e0a204       0x14 ../../../mediatek/platform/mt6575/uboot/libmt6575.a(mtk_timer.o)
                0x01e0a204                gpt4_tick2time_us

.text.gpt_busy_wait_us
                0x01e0a218       0x48
 .text.gpt_busy_wait_us
                0x01e0a218       0x48 ../../../mediatek/platform/mt6575/uboot/libmt6575.a(mtk_timer.o)
                0x01e0a218                gpt_busy_wait_us

.text.reset_timer_masked
                0x01e0a260       0x3c
 .text.reset_timer_masked
                0x01e0a260       0x3c ../../../mediatek/platform/mt6575/uboot/libmt6575.a(mtk_timer.o)
                0x01e0a260                reset_timer_masked

.text.get_timer_masked
                0x01e0a29c       0x88
 .text.get_timer_masked
                0x01e0a29c       0x88 ../../../mediatek/platform/mt6575/uboot/libmt6575.a(mtk_timer.o)
                0x01e0a29c                get_timer_masked

.text.get_timer
                0x01e0a324       0x20
 .text.get_timer
                0x01e0a324       0x20 ../../../mediatek/platform/mt6575/uboot/libmt6575.a(mtk_timer.o)
                0x01e0a324                get_timer

.text.mdelay    0x01e0a344       0x28
 .text.mdelay   0x01e0a344       0x28 ../../../mediatek/platform/mt6575/uboot/libmt6575.a(mtk_timer.o)
                0x01e0a344                mdelay

.text.udelay    0x01e0a36c       0x5c
 .text.udelay   0x01e0a36c       0x5c ../../../mediatek/platform/mt6575/uboot/libmt6575.a(mtk_timer.o)
                0x01e0a36c                udelay

.text.get_ticks
                0x01e0a3c8       0x14
 .text.get_ticks
                0x01e0a3c8       0x14 ../../../mediatek/platform/mt6575/uboot/libmt6575.a(mtk_timer.o)
                0x01e0a3c8                get_ticks

.text.gpt_one_shot_irq
                0x01e0a3dc       0x44
 .text.gpt_one_shot_irq
                0x01e0a3dc       0x44 ../../../mediatek/platform/mt6575/uboot/libmt6575.a(mtk_timer.o)
                0x01e0a3dc                gpt_one_shot_irq

.text.gpt_irq_ack
                0x01e0a420       0x14
 .text.gpt_irq_ack
                0x01e0a420       0x14 ../../../mediatek/platform/mt6575/uboot/libmt6575.a(mtk_timer.o)
                0x01e0a420                gpt_irq_ack

.text.gpt_irq_init
                0x01e0a434       0x3c
 .text.gpt_irq_init
                0x01e0a434       0x3c ../../../mediatek/platform/mt6575/uboot/libmt6575.a(mtk_timer.o)
                0x01e0a434                gpt_irq_init

.text.meta_detection
                0x01e0a470       0xb0
 .text.meta_detection
                0x01e0a470       0xb0 ../../../mediatek/platform/mt6575/uboot/libmt6575.a(mt6575_meta.o)
                0x01e0a470                meta_detection

.text.recovery_check_command_trigger
                0x01e0a520       0x78
 .text.recovery_check_command_trigger
                0x01e0a520       0x78 ../../../mediatek/platform/mt6575/uboot/libmt6575.a(mt6575_recovery.o)
                0x01e0a520                recovery_check_command_trigger

.text.recovery_check_key_trigger
                0x01e0a598       0xbc
 .text.recovery_check_key_trigger
                0x01e0a598       0xbc ../../../mediatek/platform/mt6575/uboot/libmt6575.a(mt6575_recovery.o)
                0x01e0a598                recovery_check_key_trigger

.text.recovery_detection
                0x01e0a654       0x6c
 .text.recovery_detection
                0x01e0a654       0x6c ../../../mediatek/platform/mt6575/uboot/libmt6575.a(mt6575_recovery.o)
                0x01e0a654                recovery_detection

.text.factory_check_key_trigger
                0x01e0a6c0       0xcc
 .text.factory_check_key_trigger
                0x01e0a6c0       0xcc ../../../mediatek/platform/mt6575/uboot/libmt6575.a(mt6575_factory.o)
                0x01e0a6c0                factory_check_key_trigger

.text.factory_detection
                0x01e0a78c       0x14
 .text.factory_detection
                0x01e0a78c       0x14 ../../../mediatek/platform/mt6575/uboot/libmt6575.a(mt6575_factory.o)
                0x01e0a78c                factory_detection

.text.mtk_wdt_boot_check
                0x01e0a7a0       0x60
 .text.mtk_wdt_boot_check
                0x01e0a7a0       0x60 ../../../mediatek/platform/mt6575/uboot/libmt6575.a(mtk_wdt.o)
                0x01e0a7a0                mtk_wdt_boot_check

.text.mtk_wdt_init
                0x01e0a800       0x70
 .text.mtk_wdt_init
                0x01e0a800       0x70 ../../../mediatek/platform/mt6575/uboot/libmt6575.a(mtk_wdt.o)
                0x01e0a800                mtk_wdt_init

.text.mtk_arch_reset
                0x01e0a870       0x4c
 .text.mtk_arch_reset
                0x01e0a870       0x4c ../../../mediatek/platform/mt6575/uboot/libmt6575.a(mtk_wdt.o)
                0x01e0a870                mtk_arch_reset

.text.mt_set_gpio_dir
                0x01e0a8bc       0x78
 .text.mt_set_gpio_dir
                0x01e0a8bc       0x78 ../../../mediatek/platform/mt6575/uboot/libmt6575.a(mt6575_gpio.o)
                0x01e0a8bc                mt_set_gpio_dir

.text.mt_set_gpio_pull_enable
                0x01e0a934       0x5c
 .text.mt_set_gpio_pull_enable
                0x01e0a934       0x5c ../../../mediatek/platform/mt6575/uboot/libmt6575.a(mt6575_gpio.o)
                0x01e0a934                mt_set_gpio_pull_enable

.text.mt_set_gpio_out
                0x01e0a990       0x78
 .text.mt_set_gpio_out
                0x01e0a990       0x78 ../../../mediatek/platform/mt6575/uboot/libmt6575.a(mt6575_gpio.o)
                0x01e0a990                mt_set_gpio_out

.text.mt_set_gpio_mode
                0x01e0aa08       0x74
 .text.mt_set_gpio_mode
                0x01e0aa08       0x74 ../../../mediatek/platform/mt6575/uboot/libmt6575.a(mt6575_gpio.o)
                0x01e0aa08                mt_set_gpio_mode

.text.mt_gpio_set_default
                0x01e0aa7c      0x13c
 .text.mt_gpio_set_default
                0x01e0aa7c      0x13c ../../../mediatek/platform/mt6575/uboot/libmt6575.a(mt6575_gpio_init.o)
                0x01e0aa7c                mt_gpio_set_default

.text.mt_power_on
                0x01e0abb8       0x8c
 .text.mt_power_on
                0x01e0abb8       0x8c ../../../mediatek/platform/mt6575/uboot/libmt6575.a(mt6575_pwm.o)
                0x01e0abb8                mt_power_on

.text.mt_power_off
                0x01e0ac44       0x84
 .text.mt_power_off
                0x01e0ac44       0x84 ../../../mediatek/platform/mt6575/uboot/libmt6575.a(mt6575_pwm.o)
                0x01e0ac44                mt_power_off

.text.mt_set_pwm_enable
                0x01e0acc8       0x2c
 .text.mt_set_pwm_enable
                0x01e0acc8       0x2c ../../../mediatek/platform/mt6575/uboot/libmt6575.a(mt6575_pwm.o)
                0x01e0acc8                mt_set_pwm_enable

.text.mt_set_pwm_enable_seqmode
                0x01e0acf4       0x18
 .text.mt_set_pwm_enable_seqmode
                0x01e0acf4       0x18 ../../../mediatek/platform/mt6575/uboot/libmt6575.a(mt6575_pwm.o)
                0x01e0acf4                mt_set_pwm_enable_seqmode

.text.mt_set_pwm_clk
                0x01e0ad0c       0x64
 .text.mt_set_pwm_clk
                0x01e0ad0c       0x64 ../../../mediatek/platform/mt6575/uboot/libmt6575.a(mt6575_pwm.o)
                0x01e0ad0c                mt_set_pwm_clk

.text.mt_set_pwm_con_datasrc
                0x01e0ad70       0x54
 .text.mt_set_pwm_con_datasrc
                0x01e0ad70       0x54 ../../../mediatek/platform/mt6575/uboot/libmt6575.a(mt6575_pwm.o)
                0x01e0ad70                mt_set_pwm_con_datasrc

.text.mt_set_pwm_con_mode
                0x01e0adc4       0x54
 .text.mt_set_pwm_con_mode
                0x01e0adc4       0x54 ../../../mediatek/platform/mt6575/uboot/libmt6575.a(mt6575_pwm.o)
                0x01e0adc4                mt_set_pwm_con_mode

.text.mt_set_pwm_con_idleval
                0x01e0ae18       0x58
 .text.mt_set_pwm_con_idleval
                0x01e0ae18       0x58 ../../../mediatek/platform/mt6575/uboot/libmt6575.a(mt6575_pwm.o)
                0x01e0ae18                mt_set_pwm_con_idleval

.text.mt_set_pwm_con_guardval
                0x01e0ae70       0x58
 .text.mt_set_pwm_con_guardval
                0x01e0ae70       0x58 ../../../mediatek/platform/mt6575/uboot/libmt6575.a(mt6575_pwm.o)
                0x01e0ae70                mt_set_pwm_con_guardval

.text.mt_set_pwm_con_stpbit
                0x01e0aec8       0x70
 .text.mt_set_pwm_con_stpbit
                0x01e0aec8       0x70 ../../../mediatek/platform/mt6575/uboot/libmt6575.a(mt6575_pwm.o)
                0x01e0aec8                mt_set_pwm_con_stpbit

.text.mt_set_pwm_con_oldmode
                0x01e0af38       0x54
 .text.mt_set_pwm_con_oldmode
                0x01e0af38       0x54 ../../../mediatek/platform/mt6575/uboot/libmt6575.a(mt6575_pwm.o)
                0x01e0af38                mt_set_pwm_con_oldmode

.text.mt_set_pwm_HiDur
                0x01e0af8c       0x30
 .text.mt_set_pwm_HiDur
                0x01e0af8c       0x30 ../../../mediatek/platform/mt6575/uboot/libmt6575.a(mt6575_pwm.o)
                0x01e0af8c                mt_set_pwm_HiDur

.text.mt_set_pwm_LowDur
                0x01e0afbc       0x30
 .text.mt_set_pwm_LowDur
                0x01e0afbc       0x30 ../../../mediatek/platform/mt6575/uboot/libmt6575.a(mt6575_pwm.o)
                0x01e0afbc                mt_set_pwm_LowDur

.text.mt_set_pwm_GuardDur
                0x01e0afec       0x30
 .text.mt_set_pwm_GuardDur
                0x01e0afec       0x30 ../../../mediatek/platform/mt6575/uboot/libmt6575.a(mt6575_pwm.o)
                0x01e0afec                mt_set_pwm_GuardDur

.text.mt_set_pwm_buf0_addr
                0x01e0b01c       0x2c
 .text.mt_set_pwm_buf0_addr
                0x01e0b01c       0x2c ../../../mediatek/platform/mt6575/uboot/libmt6575.a(mt6575_pwm.o)
                0x01e0b01c                mt_set_pwm_buf0_addr

.text.mt_set_pwm_buf0_size
                0x01e0b048       0x30
 .text.mt_set_pwm_buf0_size
                0x01e0b048       0x30 ../../../mediatek/platform/mt6575/uboot/libmt6575.a(mt6575_pwm.o)
                0x01e0b048                mt_set_pwm_buf0_size

.text.mt_set_pwm_buf1_addr
                0x01e0b078       0x2c
 .text.mt_set_pwm_buf1_addr
                0x01e0b078       0x2c ../../../mediatek/platform/mt6575/uboot/libmt6575.a(mt6575_pwm.o)
                0x01e0b078                mt_set_pwm_buf1_addr

.text.mt_set_pwm_buf1_size
                0x01e0b0a4       0x30
 .text.mt_set_pwm_buf1_size
                0x01e0b0a4       0x30 ../../../mediatek/platform/mt6575/uboot/libmt6575.a(mt6575_pwm.o)
                0x01e0b0a4                mt_set_pwm_buf1_size

.text.mt_set_pwm_send_data0
                0x01e0b0d4       0x2c
 .text.mt_set_pwm_send_data0
                0x01e0b0d4       0x2c ../../../mediatek/platform/mt6575/uboot/libmt6575.a(mt6575_pwm.o)
                0x01e0b0d4                mt_set_pwm_send_data0

.text.mt_set_pwm_send_data1
                0x01e0b100       0x2c
 .text.mt_set_pwm_send_data1
                0x01e0b100       0x2c ../../../mediatek/platform/mt6575/uboot/libmt6575.a(mt6575_pwm.o)
                0x01e0b100                mt_set_pwm_send_data1

.text.mt_set_pwm_wave_num
                0x01e0b12c       0x30
 .text.mt_set_pwm_wave_num
                0x01e0b12c       0x30 ../../../mediatek/platform/mt6575/uboot/libmt6575.a(mt6575_pwm.o)
                0x01e0b12c                mt_set_pwm_wave_num

.text.mt_set_pwm_data_width
                0x01e0b15c       0x30
 .text.mt_set_pwm_data_width
                0x01e0b15c       0x30 ../../../mediatek/platform/mt6575/uboot/libmt6575.a(mt6575_pwm.o)
                0x01e0b15c                mt_set_pwm_data_width

.text.mt_set_pwm_thresh
                0x01e0b18c       0x30
 .text.mt_set_pwm_thresh
                0x01e0b18c       0x30 ../../../mediatek/platform/mt6575/uboot/libmt6575.a(mt6575_pwm.o)
                0x01e0b18c                mt_set_pwm_thresh

.text.mt_set_pwm_valid
                0x01e0b1bc       0x5c
 .text.mt_set_pwm_valid
                0x01e0b1bc       0x5c ../../../mediatek/platform/mt6575/uboot/libmt6575.a(mt6575_pwm.o)
                0x01e0b1bc                mt_set_pwm_valid

.text.mt_set_pwm_delay_duration
                0x01e0b218       0x24
 .text.mt_set_pwm_delay_duration
                0x01e0b218       0x24 ../../../mediatek/platform/mt6575/uboot/libmt6575.a(mt6575_pwm.o)
                0x01e0b218                mt_set_pwm_delay_duration

.text.mt_set_pwm_delay_clock
                0x01e0b23c       0x1c
 .text.mt_set_pwm_delay_clock
                0x01e0b23c       0x1c ../../../mediatek/platform/mt6575/uboot/libmt6575.a(mt6575_pwm.o)
                0x01e0b23c                mt_set_pwm_delay_clock

.text.mt_set_pwm_disable
                0x01e0b258       0x3c
 .text.mt_set_pwm_disable
                0x01e0b258       0x3c ../../../mediatek/platform/mt6575/uboot/libmt6575.a(mt6575_pwm.o)
                0x01e0b258                mt_set_pwm_disable

.text.pwm_set_spec_config
                0x01e0b294      0x3e0
 .text.pwm_set_spec_config
                0x01e0b294      0x3e0 ../../../mediatek/platform/mt6575/uboot/libmt6575.a(mt6575_pwm.o)
                0x01e0b294                pwm_set_spec_config

.text.pwm_set_easy_config
                0x01e0b674      0x294
 .text.pwm_set_easy_config
                0x01e0b674      0x294 ../../../mediatek/platform/mt6575/uboot/libmt6575.a(mt6575_pwm.o)
                0x01e0b674                pwm_set_easy_config

.text.mt65xx_get_logo_db_addr
                0x01e0b908       0x10
 .text.mt65xx_get_logo_db_addr
                0x01e0b908       0x10 ../../../mediatek/platform/mt6575/uboot/libmt6575.a(mt6575_disp_drv.o)
                0x01e0b908                mt65xx_get_logo_db_addr

.text.mt65xx_get_fb_addr
                0x01e0b918       0x14
 .text.mt65xx_get_fb_addr
                0x01e0b918       0x14 ../../../mediatek/platform/mt6575/uboot/libmt6575.a(mt6575_disp_drv.o)
                0x01e0b918                mt65xx_get_fb_addr

.text.mt65xx_get_fb_size
                0x01e0b92c       0x14
 .text.mt65xx_get_fb_size
                0x01e0b92c       0x14 ../../../mediatek/platform/mt6575/uboot/libmt6575.a(mt6575_disp_drv.o)
                0x01e0b92c                mt65xx_get_fb_size

.text.mt65xx_disp_get_lcm_id
                0x01e0b940       0x1c
 .text.mt65xx_disp_get_lcm_id
                0x01e0b940       0x1c ../../../mediatek/platform/mt6575/uboot/libmt6575.a(mt6575_disp_drv.o)
                0x01e0b940                mt65xx_disp_get_lcm_id

.text.video_set_lut
                0x01e0b95c        0x4
 .text.video_set_lut
                0x01e0b95c        0x4 ../../../mediatek/platform/mt6575/uboot/libmt6575.a(mt6575_disp_drv.o)
                0x01e0b95c                video_set_lut

.text.DISP_IsLcmFound
                0x01e0b960       0x14
 .text.DISP_IsLcmFound
                0x01e0b960       0x14 ../../../mediatek/platform/mt6575/uboot/libmt6575.a(mt6575_disp_drv.o)
                0x01e0b960                DISP_IsLcmFound

.text.DISP_GetScreenBpp
                0x01e0b974        0x8
 .text.DISP_GetScreenBpp
                0x01e0b974        0x8 ../../../mediatek/platform/mt6575/uboot/libmt6575.a(mt6575_disp_drv.o)
                0x01e0b974                DISP_GetScreenBpp

.text.DISP_GetPages
                0x01e0b97c        0x8
 .text.DISP_GetPages
                0x01e0b97c        0x8 ../../../mediatek/platform/mt6575/uboot/libmt6575.a(mt6575_disp_drv.o)
                0x01e0b97c                DISP_GetPages

.text.disp_dump_lcm_parameters
                0x01e0b984       0x94
 .text.disp_dump_lcm_parameters
                0x01e0b984       0x94 ../../../mediatek/platform/mt6575/uboot/libmt6575.a(mt6575_disp_drv.o)

.text.disp_drv_init_ctrl_if
                0x01e0ba18      0x2d8
 .text.disp_drv_init_ctrl_if
                0x01e0ba18      0x2d8 ../../../mediatek/platform/mt6575/uboot/libmt6575.a(mt6575_disp_drv.o)

.text.mt65xx_disp_wait_idle
                0x01e0bcf0       0x40
 .text.mt65xx_disp_wait_idle
                0x01e0bcf0       0x40 ../../../mediatek/platform/mt6575/uboot/libmt6575.a(mt6575_disp_drv.o)
                0x01e0bcf0                mt65xx_disp_wait_idle

.text.DISP_UpdateScreen
                0x01e0bd30      0x278
 .text.DISP_UpdateScreen
                0x01e0bd30      0x278 ../../../mediatek/platform/mt6575/uboot/libmt6575.a(mt6575_disp_drv.o)
                0x01e0bd30                DISP_UpdateScreen

.text.mt65xx_disp_update
                0x01e0bfa8       0x40
 .text.mt65xx_disp_update
                0x01e0bfa8       0x40 ../../../mediatek/platform/mt6575/uboot/libmt6575.a(mt6575_disp_drv.o)
                0x01e0bfa8                mt65xx_disp_update

.text.lcm_mdelay
                0x01e0bfe8       0x18
 .text.lcm_mdelay
                0x01e0bfe8        0xc ../../../mediatek/platform/mt6575/uboot/libmt6575.a(mt6575_disp_drv.o)
 .text.lcm_mdelay
                0x01e0bff4        0xc ../../../mediatek/platform/mt6575/uboot/libmt6575.a(mt6575_dsi_drv.o)

.text.lcm_udelay
                0x01e0c000        0x4
 .text.lcm_udelay
                0x01e0c000        0x4 ../../../mediatek/platform/mt6575/uboot/libmt6575.a(mt6575_disp_drv.o)

.text.lcm_read_data
                0x01e0c004       0xf4
 .text.lcm_read_data
                0x01e0c004       0xf4 ../../../mediatek/platform/mt6575/uboot/libmt6575.a(mt6575_disp_drv.o)

.text.lcm_send_data
                0x01e0c0f8       0xb4
 .text.lcm_send_data
                0x01e0c0f8       0xb4 ../../../mediatek/platform/mt6575/uboot/libmt6575.a(mt6575_disp_drv.o)

.text.lcm_send_cmd
                0x01e0c1ac       0xb4
 .text.lcm_send_cmd
                0x01e0c1ac       0xb4 ../../../mediatek/platform/mt6575/uboot/libmt6575.a(mt6575_disp_drv.o)

.text.lcm_set_reset_pin
                0x01e0c260        0x8
 .text.lcm_set_reset_pin
                0x01e0c260        0x8 ../../../mediatek/platform/mt6575/uboot/libmt6575.a(mt6575_disp_drv.o)

.text.disp_drv_get_lcm_driver
                0x01e0c268      0x260
 .text.disp_drv_get_lcm_driver
                0x01e0c268      0x260 ../../../mediatek/platform/mt6575/uboot/libmt6575.a(mt6575_disp_drv.o)
                0x01e0c268                disp_drv_get_lcm_driver

.text.DISP_DetectDevice
                0x01e0c4c8       0x6c
 .text.DISP_DetectDevice
                0x01e0c4c8       0x6c ../../../mediatek/platform/mt6575/uboot/libmt6575.a(mt6575_disp_drv.o)
                0x01e0c4c8                DISP_DetectDevice

.text.disp_drv_init_context
                0x01e0c534       0xfc
 .text.disp_drv_init_context
                0x01e0c534       0xfc ../../../mediatek/platform/mt6575/uboot/libmt6575.a(mt6575_disp_drv.o)

.text.DISP_GetVRamSize
                0x01e0c630       0x54
 .text.DISP_GetVRamSize
                0x01e0c630       0x54 ../../../mediatek/platform/mt6575/uboot/libmt6575.a(mt6575_disp_drv.o)
                0x01e0c630                DISP_GetVRamSize

.text.mt65xx_disp_get_vram_size
                0x01e0c684        0x4
 .text.mt65xx_disp_get_vram_size
                0x01e0c684        0x4 ../../../mediatek/platform/mt6575/uboot/libmt6575.a(mt6575_disp_drv.o)
                0x01e0c684                mt65xx_disp_get_vram_size

.text.DISP_GetScreenHeight
                0x01e0c688       0x20
 .text.DISP_GetScreenHeight
                0x01e0c688       0x20 ../../../mediatek/platform/mt6575/uboot/libmt6575.a(mt6575_disp_drv.o)
                0x01e0c688                DISP_GetScreenHeight

.text.DISP_GetScreenWidth
                0x01e0c6a8       0x20
 .text.DISP_GetScreenWidth
                0x01e0c6a8       0x20 ../../../mediatek/platform/mt6575/uboot/libmt6575.a(mt6575_disp_drv.o)
                0x01e0c6a8                DISP_GetScreenWidth

.text.DISP_PanelEnable
                0x01e0c6c8      0x248
 .text.DISP_PanelEnable
                0x01e0c6c8      0x248 ../../../mediatek/platform/mt6575/uboot/libmt6575.a(mt6575_disp_drv.o)
                0x01e0c6c8                DISP_PanelEnable

.text.DISP_PowerEnable
                0x01e0c910       0x4c
 .text.DISP_PowerEnable
                0x01e0c910       0x4c ../../../mediatek/platform/mt6575/uboot/libmt6575.a(mt6575_disp_drv.o)
                0x01e0c910                DISP_PowerEnable

.text.mt65xx_disp_power
                0x01e0c95c       0x38
 .text.mt65xx_disp_power
                0x01e0c95c       0x38 ../../../mediatek/platform/mt6575/uboot/libmt6575.a(mt6575_disp_drv.o)
                0x01e0c95c                mt65xx_disp_power

.text.DISP_Init
                0x01e0c994       0x94
 .text.DISP_Init
                0x01e0c994       0x94 ../../../mediatek/platform/mt6575/uboot/libmt6575.a(mt6575_disp_drv.o)
                0x01e0c994                DISP_Init

.text.video_hw_init
                0x01e0ca28       0x78
 .text.video_hw_init
                0x01e0ca28       0x78 ../../../mediatek/platform/mt6575/uboot/libmt6575.a(mt6575_disp_drv.o)
                0x01e0ca28                video_hw_init

.text.mt65xx_disp_get_lcd_time
                0x01e0caa0      0x214
 .text.mt65xx_disp_get_lcd_time
                0x01e0caa0      0x214 ../../../mediatek/platform/mt6575/uboot/libmt6575.a(mt6575_disp_drv.o)
                0x01e0caa0                mt65xx_disp_get_lcd_time

.text.mt65xx_disp_init
                0x01e0ccb4      0x4fc
 .text.mt65xx_disp_init
                0x01e0ccb4      0x4fc ../../../mediatek/platform/mt6575/uboot/libmt6575.a(mt6575_disp_drv.o)
                0x01e0ccb4                mt65xx_disp_init

.text.DISP_GetDriverDBI
                0x01e0d1b0       0x10
 .text.DISP_GetDriverDBI
                0x01e0d1b0       0x10 ../../../mediatek/platform/mt6575/uboot/libmt6575.a(mt6575_disp_drv_dbi.o)
                0x01e0d1b0                DISP_GetDriverDBI

.text.disp_drv_dbi_init_context
                0x01e0d1c0       0x70
 .text.disp_drv_dbi_init_context
                0x01e0d1c0       0x70 ../../../mediatek/platform/mt6575/uboot/libmt6575.a(mt6575_disp_drv_dbi.o)

.text.dbi_get_panel_color_format
                0x01e0d230       0xa8
 .text.dbi_get_panel_color_format
                0x01e0d230       0xa8 ../../../mediatek/platform/mt6575/uboot/libmt6575.a(mt6575_disp_drv_dbi.o)

.text.get_fb_size
                0x01e0d2d8       0xd8
 .text.get_fb_size
                0x01e0d2d8       0x48 ../../../mediatek/platform/mt6575/uboot/libmt6575.a(mt6575_disp_drv_dbi.o)
 .text.get_fb_size
                0x01e0d320       0x48 ../../../mediatek/platform/mt6575/uboot/libmt6575.a(mt6575_disp_drv_dsi.o)
 .text.get_fb_size
                0x01e0d368       0x48 ../../../mediatek/platform/mt6575/uboot/libmt6575.a(mt6575_disp_drv_dpi.o)

.text.dbi_get_vram_size
                0x01e0d3b0       0x18
 .text.dbi_get_vram_size
                0x01e0d3b0       0x18 ../../../mediatek/platform/mt6575/uboot/libmt6575.a(mt6575_disp_drv_dbi.o)

.text.dbi_set_fb_addr
                0x01e0d3c8       0x48
 .text.dbi_set_fb_addr
                0x01e0d3c8       0x48 ../../../mediatek/platform/mt6575/uboot/libmt6575.a(mt6575_disp_drv_dbi.o)

.text.dbi_enable_power
                0x01e0d410      0x31c
 .text.dbi_enable_power
                0x01e0d410      0x31c ../../../mediatek/platform/mt6575/uboot/libmt6575.a(mt6575_disp_drv_dbi.o)

.text.dbi_init  0x01e0d72c      0x3b0
 .text.dbi_init
                0x01e0d72c      0x3b0 ../../../mediatek/platform/mt6575/uboot/libmt6575.a(mt6575_disp_drv_dbi.o)

.text.LCD_ConfigIfFormat
                0x01e0dadc       0x44
 .text.LCD_ConfigIfFormat
                0x01e0dadc       0x44 ../../../mediatek/platform/mt6575/uboot/libmt6575.a(mt6575_lcd_drv.o)
                0x01e0dadc                LCD_ConfigIfFormat

.text.LCD_SetResetSignal
                0x01e0db20       0x20
 .text.LCD_SetResetSignal
                0x01e0db20       0x20 ../../../mediatek/platform/mt6575/uboot/libmt6575.a(mt6575_lcd_drv.o)
                0x01e0db20                LCD_SetResetSignal

.text.LCD_ConfigDSIIfFormat
                0x01e0db40       0x3c
 .text.LCD_ConfigDSIIfFormat
                0x01e0db40       0x3c ../../../mediatek/platform/mt6575/uboot/libmt6575.a(mt6575_lcd_drv.o)
                0x01e0db40                LCD_ConfigDSIIfFormat

.text.LCD_EnableHwTrigger
                0x01e0db7c       0x44
 .text.LCD_EnableHwTrigger
                0x01e0db7c       0x44 ../../../mediatek/platform/mt6575/uboot/libmt6575.a(mt6575_lcd_drv.o)
                0x01e0db7c                LCD_EnableHwTrigger

.text.LCD_FBSetPitch
                0x01e0dbc0       0x2c
 .text.LCD_FBSetPitch
                0x01e0dbc0       0x2c ../../../mediatek/platform/mt6575/uboot/libmt6575.a(mt6575_lcd_drv.o)
                0x01e0dbc0                LCD_FBSetPitch

.text.LCD_TE_Enable
                0x01e0dbec       0x28
 .text.LCD_TE_Enable
                0x01e0dbec       0x28 ../../../mediatek/platform/mt6575/uboot/libmt6575.a(mt6575_lcd_drv.o)
                0x01e0dbec                LCD_TE_Enable

.text.LCD_TE_SetMode
                0x01e0dc14       0x28
 .text.LCD_TE_SetMode
                0x01e0dc14       0x28 ../../../mediatek/platform/mt6575/uboot/libmt6575.a(mt6575_lcd_drv.o)
                0x01e0dc14                LCD_TE_SetMode

.text.LCD_TE_SetEdgePolarity
                0x01e0dc3c       0x28
 .text.LCD_TE_SetEdgePolarity
                0x01e0dc3c       0x28 ../../../mediatek/platform/mt6575/uboot/libmt6575.a(mt6575_lcd_drv.o)
                0x01e0dc3c                LCD_TE_SetEdgePolarity

.text.LCD_TE_ConfigVHSyncMode
                0x01e0dc64        0x8
 .text.LCD_TE_ConfigVHSyncMode
                0x01e0dc64        0x8 ../../../mediatek/platform/mt6575/uboot/libmt6575.a(mt6575_lcd_drv.o)
                0x01e0dc64                LCD_TE_ConfigVHSyncMode

.text.LCD_W2M_NeedLimiteSpeed
                0x01e0dc6c       0x14
 .text.LCD_W2M_NeedLimiteSpeed
                0x01e0dc6c       0x14 ../../../mediatek/platform/mt6575/uboot/libmt6575.a(mt6575_lcd_drv.o)
                0x01e0dc6c                LCD_W2M_NeedLimiteSpeed

.text.LCD_SetGMCThrottle
                0x01e0dc80      0x104
 .text.LCD_SetGMCThrottle
                0x01e0dc80      0x104 ../../../mediatek/platform/mt6575/uboot/libmt6575.a(mt6575_lcd_drv.o)
                0x01e0dc80                LCD_SetGMCThrottle

.text.LCD_ReadIF
                0x01e0dd84      0x10c
 .text.LCD_ReadIF
                0x01e0dd84      0x10c ../../../mediatek/platform/mt6575/uboot/libmt6575.a(mt6575_lcd_drv.o)
                0x01e0dd84                LCD_ReadIF

.text.LCD_WriteIF
                0x01e0de90      0x104
 .text.LCD_WriteIF
                0x01e0de90      0x104 ../../../mediatek/platform/mt6575/uboot/libmt6575.a(mt6575_lcd_drv.o)
                0x01e0de90                LCD_WriteIF

.text.LCD_SelectWriteIF
                0x01e0df94       0x94
 .text.LCD_SelectWriteIF
                0x01e0df94       0x94 ../../../mediatek/platform/mt6575/uboot/libmt6575.a(mt6575_lcd_drv.o)
                0x01e0df94                LCD_SelectWriteIF

.text.LCD_PowerOn
                0x01e0e028      0x268
 .text.LCD_PowerOn
                0x01e0e028      0x268 ../../../mediatek/platform/mt6575/uboot/libmt6575.a(mt6575_lcd_drv.o)
                0x01e0e028                LCD_PowerOn

.text.LCD_Set_DrivingCurrent
                0x01e0e290       0xe4
 .text.LCD_Set_DrivingCurrent
                0x01e0e290       0xe4 ../../../mediatek/platform/mt6575/uboot/libmt6575.a(mt6575_lcd_drv.o)
                0x01e0e290                LCD_Set_DrivingCurrent

.text.LCD_Init_IO_pad
                0x01e0e374      0x118
 .text.LCD_Init_IO_pad
                0x01e0e374      0x118 ../../../mediatek/platform/mt6575/uboot/libmt6575.a(mt6575_lcd_drv.o)
                0x01e0e374                LCD_Init_IO_pad

.text._WaitForEngineNotBusy
                0x01e0e48c      0x114
 .text._WaitForEngineNotBusy
                0x01e0e48c       0xd0 ../../../mediatek/platform/mt6575/uboot/libmt6575.a(mt6575_lcd_drv.o)
 .text._WaitForEngineNotBusy
                0x01e0e55c       0x44 ../../../mediatek/platform/mt6575/uboot/libmt6575.a(mt6575_dsi_drv.o)

.text.LCD_StartTransfer
                0x01e0e5a0       0xe0
 .text.LCD_StartTransfer
                0x01e0e5a0       0xe0 ../../../mediatek/platform/mt6575/uboot/libmt6575.a(mt6575_lcd_drv.o)
                0x01e0e5a0                LCD_StartTransfer

.text.LCD_FBSetStartCoord
                0x01e0e680       0x28
 .text.LCD_FBSetStartCoord
                0x01e0e680       0x28 ../../../mediatek/platform/mt6575/uboot/libmt6575.a(mt6575_lcd_drv.o)
                0x01e0e680                LCD_FBSetStartCoord

.text.LCD_FBSetAddress
                0x01e0e6a8       0x60
 .text.LCD_FBSetAddress
                0x01e0e6a8       0x60 ../../../mediatek/platform/mt6575/uboot/libmt6575.a(mt6575_lcd_drv.o)
                0x01e0e6a8                LCD_FBSetAddress

.text.LCD_FBEnable
                0x01e0e708       0x94
 .text.LCD_FBEnable
                0x01e0e708       0x94 ../../../mediatek/platform/mt6575/uboot/libmt6575.a(mt6575_lcd_drv.o)
                0x01e0e708                LCD_FBEnable

.text.LCD_FBSetFormat
                0x01e0e79c       0x38
 .text.LCD_FBSetFormat
                0x01e0e79c       0x38 ../../../mediatek/platform/mt6575/uboot/libmt6575.a(mt6575_lcd_drv.o)
                0x01e0e79c                LCD_FBSetFormat

.text.LCD_WaitDPIIndication
                0x01e0e7d4       0x30
 .text.LCD_WaitDPIIndication
                0x01e0e7d4       0x30 ../../../mediatek/platform/mt6575/uboot/libmt6575.a(mt6575_lcd_drv.o)
                0x01e0e7d4                LCD_WaitDPIIndication

.text.LCD_SetOutputMode
                0x01e0e804       0x50
 .text.LCD_SetOutputMode
                0x01e0e804       0x50 ../../../mediatek/platform/mt6575/uboot/libmt6575.a(mt6575_lcd_drv.o)
                0x01e0e804                LCD_SetOutputMode

.text.LCD_SetRoiWindow
                0x01e0e854       0x54
 .text.LCD_SetRoiWindow
                0x01e0e854       0x54 ../../../mediatek/platform/mt6575/uboot/libmt6575.a(mt6575_lcd_drv.o)
                0x01e0e854                LCD_SetRoiWindow

.text.LCD_SetBackgroundColor
                0x01e0e8a8       0x20
 .text.LCD_SetBackgroundColor
                0x01e0e8a8       0x20 ../../../mediatek/platform/mt6575/uboot/libmt6575.a(mt6575_lcd_drv.o)
                0x01e0e8a8                LCD_SetBackgroundColor

.text.LCD_LayerSetTriggerMode
                0x01e0e8c8      0x138
 .text.LCD_LayerSetTriggerMode
                0x01e0e8c8      0x138 ../../../mediatek/platform/mt6575/uboot/libmt6575.a(mt6575_lcd_drv.o)
                0x01e0e8c8                LCD_LayerSetTriggerMode

.text.LCD_LayerSetSourceColorKey
                0x01e0ea00       0xc0
 .text.LCD_LayerSetSourceColorKey
                0x01e0ea00       0xc0 ../../../mediatek/platform/mt6575/uboot/libmt6575.a(mt6575_lcd_drv.o)
                0x01e0ea00                LCD_LayerSetSourceColorKey

.text.LCD_LayerSetRotation
                0x01e0eac0       0xb0
 .text.LCD_LayerSetRotation
                0x01e0eac0       0xb0 ../../../mediatek/platform/mt6575/uboot/libmt6575.a(mt6575_lcd_drv.o)
                0x01e0eac0                LCD_LayerSetRotation

.text.LCD_LayerSetFormat
                0x01e0eb70       0xb0
 .text.LCD_LayerSetFormat
                0x01e0eb70       0xb0 ../../../mediatek/platform/mt6575/uboot/libmt6575.a(mt6575_lcd_drv.o)
                0x01e0eb70                LCD_LayerSetFormat

.text.LCD_LayerSetOffset
                0x01e0ec20       0xb0
 .text.LCD_LayerSetOffset
                0x01e0ec20       0xb0 ../../../mediatek/platform/mt6575/uboot/libmt6575.a(mt6575_lcd_drv.o)
                0x01e0ec20                LCD_LayerSetOffset

.text.LCD_LayerSetPitch
                0x01e0ecd0       0xa4
 .text.LCD_LayerSetPitch
                0x01e0ecd0       0xa4 ../../../mediatek/platform/mt6575/uboot/libmt6575.a(mt6575_lcd_drv.o)
                0x01e0ecd0                LCD_LayerSetPitch

.text.LCD_LayerSetSize
                0x01e0ed74       0xb0
 .text.LCD_LayerSetSize
                0x01e0ed74       0xb0 ../../../mediatek/platform/mt6575/uboot/libmt6575.a(mt6575_lcd_drv.o)
                0x01e0ed74                LCD_LayerSetSize

.text.LCD_LayerSetAddress
                0x01e0ee24       0xd0
 .text.LCD_LayerSetAddress
                0x01e0ee24       0xd0 ../../../mediatek/platform/mt6575/uboot/libmt6575.a(mt6575_lcd_drv.o)
                0x01e0ee24                LCD_LayerSetAddress

.text.LCD_LayerEnable
                0x01e0eef4      0x11c
 .text.LCD_LayerEnable
                0x01e0eef4      0x11c ../../../mediatek/platform/mt6575/uboot/libmt6575.a(mt6575_lcd_drv.o)
                0x01e0eef4                LCD_LayerEnable

.text.LCD_ConfigParallelIF
                0x01e0f010      0x290
 .text.LCD_ConfigParallelIF
                0x01e0f010      0x290 ../../../mediatek/platform/mt6575/uboot/libmt6575.a(mt6575_lcd_drv.o)
                0x01e0f010                LCD_ConfigParallelIF

.text.LCD_WaitForNotBusy
                0x01e0f2a0       0x10
 .text.LCD_WaitForNotBusy
                0x01e0f2a0       0x10 ../../../mediatek/platform/mt6575/uboot/libmt6575.a(mt6575_lcd_drv.o)
                0x01e0f2a0                LCD_WaitForNotBusy

.text.LCD_PowerOff
                0x01e0f2b0      0x26c
 .text.LCD_PowerOff
                0x01e0f2b0      0x26c ../../../mediatek/platform/mt6575/uboot/libmt6575.a(mt6575_lcd_drv.o)
                0x01e0f2b0                LCD_PowerOff

.text.LCD_ConfigSerialIF
                0x01e0f51c      0x170
 .text.LCD_ConfigSerialIF
                0x01e0f51c      0x170 ../../../mediatek/platform/mt6575/uboot/libmt6575.a(mt6575_lcd_drv.o)
                0x01e0f51c                LCD_ConfigSerialIF

.text.LCD_Init  0x01e0f68c       0xbc
 .text.LCD_Init
                0x01e0f68c       0xbc ../../../mediatek/platform/mt6575/uboot/libmt6575.a(mt6575_lcd_drv.o)
                0x01e0f68c                LCD_Init

.text.DISP_GetDriverDSI
                0x01e0f748       0x10
 .text.DISP_GetDriverDSI
                0x01e0f748       0x10 ../../../mediatek/platform/mt6575/uboot/libmt6575.a(mt6575_disp_drv_dsi.o)
                0x01e0f748                DISP_GetDriverDSI

.text.get_dsi_tmp_buffer_format
                0x01e0f758       0x5c
 .text.get_dsi_tmp_buffer_format
                0x01e0f758       0x5c ../../../mediatek/platform/mt6575/uboot/libmt6575.a(mt6575_disp_drv_dsi.o)
                0x01e0f758                get_dsi_tmp_buffer_format

.text.get_lcd_tmp_buffer_format
                0x01e0f7b4       0x1c
 .text.get_lcd_tmp_buffer_format
                0x01e0f7b4       0x1c ../../../mediatek/platform/mt6575/uboot/libmt6575.a(mt6575_disp_drv_dsi.o)
                0x01e0f7b4                get_lcd_tmp_buffer_format

.text.get_dsi_tmp_buffer_bpp
                0x01e0f7d0       0x20
 .text.get_dsi_tmp_buffer_bpp
                0x01e0f7d0       0x20 ../../../mediatek/platform/mt6575/uboot/libmt6575.a(mt6575_disp_drv_dsi.o)
                0x01e0f7d0                get_dsi_tmp_buffer_bpp

.text.disp_drv_dsi_init_context
                0x01e0f7f0       0x74
 .text.disp_drv_dsi_init_context
                0x01e0f7f0       0x74 ../../../mediatek/platform/mt6575/uboot/libmt6575.a(mt6575_disp_drv_dsi.o)

.text.dsi_get_panel_color_format
                0x01e0f864       0x80
 .text.dsi_get_panel_color_format
                0x01e0f864       0x80 ../../../mediatek/platform/mt6575/uboot/libmt6575.a(mt6575_disp_drv_dsi.o)

.text.get_intermediate_buffer_size
                0x01e0f8e4       0x84
 .text.get_intermediate_buffer_size
                0x01e0f8e4       0x44 ../../../mediatek/platform/mt6575/uboot/libmt6575.a(mt6575_disp_drv_dsi.o)
 .text.get_intermediate_buffer_size
                0x01e0f928       0x40 ../../../mediatek/platform/mt6575/uboot/libmt6575.a(mt6575_disp_drv_dpi.o)

.text.dsi_get_vram_size
                0x01e0f968       0x58
 .text.dsi_get_vram_size
                0x01e0f968       0x58 ../../../mediatek/platform/mt6575/uboot/libmt6575.a(mt6575_disp_drv_dsi.o)

.text.dsi_set_fb_addr
                0x01e0f9c0       0x48
 .text.dsi_set_fb_addr
                0x01e0f9c0       0x48 ../../../mediatek/platform/mt6575/uboot/libmt6575.a(mt6575_disp_drv_dsi.o)

.text.dsi_enable_power
                0x01e0fa08      0x5c8
 .text.dsi_enable_power
                0x01e0fa08      0x5c8 ../../../mediatek/platform/mt6575/uboot/libmt6575.a(mt6575_disp_drv_dsi.o)

.text.init_lcd  0x01e0ffd0      0x55c
 .text.init_lcd
                0x01e0ffd0      0x55c ../../../mediatek/platform/mt6575/uboot/libmt6575.a(mt6575_disp_drv_dsi.o)

.text.init_assertion_layer
                0x01e1052c       0x88
 .text.init_assertion_layer
                0x01e1052c       0x88 ../../../mediatek/platform/mt6575/uboot/libmt6575.a(mt6575_disp_drv_dsi.o)

.text.init_dsi  0x01e105b4      0x294
 .text.init_dsi
                0x01e105b4      0x294 ../../../mediatek/platform/mt6575/uboot/libmt6575.a(mt6575_disp_drv_dsi.o)
                0x01e105b4                init_dsi

.text.dsi_init  0x01e10848      0x4bc
 .text.dsi_init
                0x01e10848      0x4bc ../../../mediatek/platform/mt6575/uboot/libmt6575.a(mt6575_disp_drv_dsi.o)

.text.DSI_SetMode
                0x01e10d04       0x1c
 .text.DSI_SetMode
                0x01e10d04       0x1c ../../../mediatek/platform/mt6575/uboot/libmt6575.a(mt6575_dsi_drv.o)
                0x01e10d04                DSI_SetMode

.text.DSI_PHY_clk_switch
                0x01e10d20       0x28
 .text.DSI_PHY_clk_switch
                0x01e10d20       0x28 ../../../mediatek/platform/mt6575/uboot/libmt6575.a(mt6575_dsi_drv.o)
                0x01e10d20                DSI_PHY_clk_switch

.text.DSI_clk_HS_state
                0x01e10d48       0x14
 .text.DSI_clk_HS_state
                0x01e10d48       0x14 ../../../mediatek/platform/mt6575/uboot/libmt6575.a(mt6575_dsi_drv.o)
                0x01e10d48                DSI_clk_HS_state

.text.DSI_clk_HS_mode
                0x01e10d5c       0x48
 .text.DSI_clk_HS_mode
                0x01e10d5c       0x48 ../../../mediatek/platform/mt6575/uboot/libmt6575.a(mt6575_dsi_drv.o)
                0x01e10d5c                DSI_clk_HS_mode

.text.DSI_Write_T0_INS
                0x01e10da4       0x28
 .text.DSI_Write_T0_INS
                0x01e10da4       0x28 ../../../mediatek/platform/mt6575/uboot/libmt6575.a(mt6575_dsi_drv.o)
                0x01e10da4                DSI_Write_T0_INS

.text.DSI_Write_T2_INS
                0x01e10dcc       0x68
 .text.DSI_Write_T2_INS
                0x01e10dcc       0x68 ../../../mediatek/platform/mt6575/uboot/libmt6575.a(mt6575_dsi_drv.o)
                0x01e10dcc                DSI_Write_T2_INS

.text.DSI_write_lcm_cmd
                0x01e10e34       0x34
 .text.DSI_write_lcm_cmd
                0x01e10e34       0x34 ../../../mediatek/platform/mt6575/uboot/libmt6575.a(mt6575_dsi_drv.o)
                0x01e10e34                DSI_write_lcm_cmd

.text.DSI_write_lcm_regs
                0x01e10e68       0x3c
 .text.DSI_write_lcm_regs
                0x01e10e68       0x3c ../../../mediatek/platform/mt6575/uboot/libmt6575.a(mt6575_dsi_drv.o)
                0x01e10e68                DSI_write_lcm_regs

.text.DSI_read_lcm_reg
                0x01e10ea4        0x8
 .text.DSI_read_lcm_reg
                0x01e10ea4        0x8 ../../../mediatek/platform/mt6575/uboot/libmt6575.a(mt6575_dsi_drv.o)
                0x01e10ea4                DSI_read_lcm_reg

.text.DSI_DumpRegisters
                0x01e10eac       0x88
 .text.DSI_DumpRegisters
                0x01e10eac       0x88 ../../../mediatek/platform/mt6575/uboot/libmt6575.a(mt6575_dsi_drv.o)
                0x01e10eac                DSI_DumpRegisters

.text.DSI_EnableClk
                0x01e10f34       0x30
 .text.DSI_EnableClk
                0x01e10f34       0x30 ../../../mediatek/platform/mt6575/uboot/libmt6575.a(mt6575_dsi_drv.o)
                0x01e10f34                DSI_EnableClk

.text.DSI_WaitForNotBusy
                0x01e10f64       0x10
 .text.DSI_WaitForNotBusy
                0x01e10f64       0x10 ../../../mediatek/platform/mt6575/uboot/libmt6575.a(mt6575_dsi_drv.o)
                0x01e10f64                DSI_WaitForNotBusy

.text.DSI_set_cmdq
                0x01e10f74       0xcc
 .text.DSI_set_cmdq
                0x01e10f74       0xcc ../../../mediatek/platform/mt6575/uboot/libmt6575.a(mt6575_dsi_drv.o)
                0x01e10f74                DSI_set_cmdq

.text.DSI_PHY_TIMCONFIG
                0x01e11040      0x370
 .text.DSI_PHY_TIMCONFIG
                0x01e11040      0x370 ../../../mediatek/platform/mt6575/uboot/libmt6575.a(mt6575_dsi_drv.o)
                0x01e11040                DSI_PHY_TIMCONFIG

.text.DSI_PowerOff
                0x01e113b0      0x10c
 .text.DSI_PowerOff
                0x01e113b0      0x10c ../../../mediatek/platform/mt6575/uboot/libmt6575.a(mt6575_dsi_drv.o)
                0x01e113b0                DSI_PowerOff

.text.DSI_PowerOn
                0x01e114bc      0x110
 .text.DSI_PowerOn
                0x01e114bc      0x110 ../../../mediatek/platform/mt6575/uboot/libmt6575.a(mt6575_dsi_drv.o)
                0x01e114bc                DSI_PowerOn

.text.DSI_lane0_ULP_mode
                0x01e115cc       0x6c
 .text.DSI_lane0_ULP_mode
                0x01e115cc       0x6c ../../../mediatek/platform/mt6575/uboot/libmt6575.a(mt6575_dsi_drv.o)
                0x01e115cc                DSI_lane0_ULP_mode

.text.DSI_clk_ULP_mode
                0x01e11638       0x74
 .text.DSI_clk_ULP_mode
                0x01e11638       0x74 ../../../mediatek/platform/mt6575/uboot/libmt6575.a(mt6575_dsi_drv.o)
                0x01e11638                DSI_clk_ULP_mode

.text.DSI_Reset
                0x01e116ac       0x34
 .text.DSI_Reset
                0x01e116ac       0x34 ../../../mediatek/platform/mt6575/uboot/libmt6575.a(mt6575_dsi_drv.o)
                0x01e116ac                DSI_Reset

.text.DSI_dcs_read_lcm_reg_v2
                0x01e116e0      0x3a8
 .text.DSI_dcs_read_lcm_reg_v2
                0x01e116e0      0x3a8 ../../../mediatek/platform/mt6575/uboot/libmt6575.a(mt6575_dsi_drv.o)
                0x01e116e0                DSI_dcs_read_lcm_reg_v2

.text.DSI_dcs_read_lcm_reg
                0x01e11a88      0x380
 .text.DSI_dcs_read_lcm_reg
                0x01e11a88      0x380 ../../../mediatek/platform/mt6575/uboot/libmt6575.a(mt6575_dsi_drv.o)
                0x01e11a88                DSI_dcs_read_lcm_reg

.text.DSI_set_cmdq_V2
                0x01e11e08      0x6dc
 .text.DSI_set_cmdq_V2
                0x01e11e08      0x6dc ../../../mediatek/platform/mt6575/uboot/libmt6575.a(mt6575_dsi_drv.o)
                0x01e11e08                DSI_set_cmdq_V2

.text.DSI_PHY_clk_setting
                0x01e124e4       0xf8
 .text.DSI_PHY_clk_setting
                0x01e124e4       0xf8 ../../../mediatek/platform/mt6575/uboot/libmt6575.a(mt6575_dsi_drv.o)
                0x01e124e4                DSI_PHY_clk_setting

.text.DSI_Init  0x01e125dc       0x84
 .text.DSI_Init
                0x01e125dc       0x84 ../../../mediatek/platform/mt6575/uboot/libmt6575.a(mt6575_dsi_drv.o)
                0x01e125dc                DSI_Init

.text.disp_drv_dpi_init_context
                0x01e12660       0x4c
 .text.disp_drv_dpi_init_context
                0x01e12660       0x4c ../../../mediatek/platform/mt6575/uboot/libmt6575.a(mt6575_disp_drv_dpi.o)

.text.DISP_GetDriverDPI
                0x01e126ac       0x10
 .text.DISP_GetDriverDPI
                0x01e126ac       0x10 ../../../mediatek/platform/mt6575/uboot/libmt6575.a(mt6575_disp_drv_dpi.o)
                0x01e126ac                DISP_GetDriverDPI

.text.dpi_get_panel_color_format
                0x01e126bc       0x80
 .text.dpi_get_panel_color_format
                0x01e126bc       0x80 ../../../mediatek/platform/mt6575/uboot/libmt6575.a(mt6575_disp_drv_dpi.o)

.text.get_tmp_buffer_dpi_format
                0x01e1273c       0x5c
 .text.get_tmp_buffer_dpi_format
                0x01e1273c       0x5c ../../../mediatek/platform/mt6575/uboot/libmt6575.a(mt6575_disp_drv_dpi.o)
                0x01e1273c                get_tmp_buffer_dpi_format

.text.get_tmp_buffer_lcd_format
                0x01e12798       0x1c
 .text.get_tmp_buffer_lcd_format
                0x01e12798       0x1c ../../../mediatek/platform/mt6575/uboot/libmt6575.a(mt6575_disp_drv_dpi.o)
                0x01e12798                get_tmp_buffer_lcd_format

.text.get_tmp_buffer_bpp
                0x01e127b4       0x20
 .text.get_tmp_buffer_bpp
                0x01e127b4       0x20 ../../../mediatek/platform/mt6575/uboot/libmt6575.a(mt6575_disp_drv_dpi.o)
                0x01e127b4                get_tmp_buffer_bpp

.text.dpi_get_vram_size
                0x01e127d4       0x24
 .text.dpi_get_vram_size
                0x01e127d4       0x24 ../../../mediatek/platform/mt6575/uboot/libmt6575.a(mt6575_disp_drv_dpi.o)

.text.dpi_set_fb_addr
                0x01e127f8       0x48
 .text.dpi_set_fb_addr
                0x01e127f8       0x48 ../../../mediatek/platform/mt6575/uboot/libmt6575.a(mt6575_disp_drv_dpi.o)

.text.dpi_enable_power
                0x01e12840      0x17c
 .text.dpi_enable_power
                0x01e12840      0x17c ../../../mediatek/platform/mt6575/uboot/libmt6575.a(mt6575_disp_drv_dpi.o)

.text.dpi_init  0x01e129bc      0x9a4
 .text.dpi_init
                0x01e129bc      0x9a4 ../../../mediatek/platform/mt6575/uboot/libmt6575.a(mt6575_disp_drv_dpi.o)

.text.DPI_Init_PLL
                0x01e13360       0x74
 .text.DPI_Init_PLL
                0x01e13360       0x74 ../../../mediatek/platform/mt6575/uboot/libmt6575.a(mt6575_dpi_drv.o)
                0x01e13360                DPI_Init_PLL

.text.DPI_PowerOn
                0x01e133d4       0x80
 .text.DPI_PowerOn
                0x01e133d4       0x80 ../../../mediatek/platform/mt6575/uboot/libmt6575.a(mt6575_dpi_drv.o)
                0x01e133d4                DPI_PowerOn

.text.DPI_PowerOff
                0x01e13454       0x80
 .text.DPI_PowerOff
                0x01e13454       0x80 ../../../mediatek/platform/mt6575/uboot/libmt6575.a(mt6575_dpi_drv.o)
                0x01e13454                DPI_PowerOff

.text.DPI_EnableClk
                0x01e134d4       0x1c
 .text.DPI_EnableClk
                0x01e134d4       0x1c ../../../mediatek/platform/mt6575/uboot/libmt6575.a(mt6575_dpi_drv.o)
                0x01e134d4                DPI_EnableClk

.text.DPI_DisableClk
                0x01e134f0       0x1c
 .text.DPI_DisableClk
                0x01e134f0       0x1c ../../../mediatek/platform/mt6575/uboot/libmt6575.a(mt6575_dpi_drv.o)
                0x01e134f0                DPI_DisableClk

.text.DPI_EnableSeqOutput
                0x01e1350c       0x28
 .text.DPI_EnableSeqOutput
                0x01e1350c       0x28 ../../../mediatek/platform/mt6575/uboot/libmt6575.a(mt6575_dpi_drv.o)
                0x01e1350c                DPI_EnableSeqOutput

.text.DPI_SetRGBOrder
                0x01e13534       0x20
 .text.DPI_SetRGBOrder
                0x01e13534       0x20 ../../../mediatek/platform/mt6575/uboot/libmt6575.a(mt6575_dpi_drv.o)
                0x01e13534                DPI_SetRGBOrder

.text.DPI_ConfigDataEnable
                0x01e13554       0x28
 .text.DPI_ConfigDataEnable
                0x01e13554       0x28 ../../../mediatek/platform/mt6575/uboot/libmt6575.a(mt6575_dpi_drv.o)
                0x01e13554                DPI_ConfigDataEnable

.text.DPI_ConfigVsync
                0x01e1357c       0x3c
 .text.DPI_ConfigVsync
                0x01e1357c       0x3c ../../../mediatek/platform/mt6575/uboot/libmt6575.a(mt6575_dpi_drv.o)
                0x01e1357c                DPI_ConfigVsync

.text.DPI_ConfigHsync
                0x01e135b8       0x40
 .text.DPI_ConfigHsync